✔ [3391/3410] Built Row12.Convergence (3.6s)
ℹ [3394/3410] Built Row12.OuterEndpoint (5.4s)
info: Row12/OuterEndpoint.lean:173:0: 'Row12.outer_cyclic_mulVec_formula' depends on axioms: [propext, Classical.choice, Quot.sound]
info: Row12/OuterEndpoint.lean:174:0: 'Row12.outer_cyclic_v0' depends on axioms: [propext, Classical.choice, Quot.sound]
info: Row12/OuterEndpoint.lean:175:0: 'Row12.outer_cyclic_v1' depends on axioms: [propext, Classical.choice, Quot.sound]
info: Row12/OuterEndpoint.lean:176:0: 'Row12.outer_cyclic_mulVec_injective' depends on axioms: [propext, Classical.choice, Quot.sound]
info: Row12/OuterEndpoint.lean:177:0: 'Row12.outer_cyclic_v0_unique' depends on axioms: [propext, Classical.choice, Quot.sound]
info: Row12/OuterEndpoint.lean:178:0: 'Row12.outer_cyclic_v1_unique' depends on axioms: [propext, Classical.choice, Quot.sound]
info: Row12/OuterEndpoint.lean:179:0: 'Row12.outer_first_coefficient' depends on axioms: [propext, Classical.choice, Quot.sound]
info: Row12/OuterEndpoint.lean:180:0: 'Row12.outer_xi_neg_four_v0' depends on axioms: [propext, Classical.choice, Quot.sound]
info: Row12/OuterEndpoint.lean:181:0: 'Row12.outer_xi_neg_three_v0' depends on axioms: [propext, Classical.choice, Quot.sound]
info: Row12/OuterEndpoint.lean:182:0: 'Row12.outer_xi_neg_two_v0' depends on axioms: [propext, Classical.choice, Quot.sound]
info: Row12/OuterEndpoint.lean:183:0: 'Row12.outer_xi_neg_one_v0' depends on axioms: [propext, Classical.choice, Quot.sound]
info: Row12/OuterEndpoint.lean:184:0: 'Row12.outer_xi_neg_four_v1' depends on axioms: [propext, Classical.choice, Quot.sound]
info: Row12/OuterEndpoint.lean:185:0: 'Row12.outer_xi_zero_v0' depends on axioms: [propext, Classical.choice, Quot.sound]
info: Row12/OuterEndpoint.lean:186:0: 'Row12.outer_xi_neg_three_v1' depends on axioms: [propext, Classical.choice, Quot.sound]
info: Row12/OuterEndpoint.lean:187:0: 'Row12.outer_pole_one_cancellation' depends on axioms: [propext, Classical.choice, Quot.sound]
info: Row12/OuterEndpoint.lean:188:0: 'Row12.outer_zero_cancellation' depends on axioms: [propext, Classical.choice, Quot.sound]
ℹ [3395/3410] Built Row12.UniformMoment (2.4s)
info: Row12/UniformMoment.lean:95:0: 'Row12.uniformMoment_integrable' depends on axioms: [propext, Classical.choice, Quot.sound]
info: Row12/UniformMoment.lean:96:0: 'Row12.uniformMoment_zero' depends on axioms: [propext, Classical.choice, Quot.sound]
info: Row12/UniformMoment.lean:97:0: 'Row12.uniformPrimitive_hasDerivAt' depends on axioms: [propext, Classical.choice, Quot.sound]
info: Row12/UniformMoment.lean:98:0: 'Row12.uniformMoment_succ_mul' depends on axioms: [propext, Classical.choice, Quot.sound]
info: Row12/UniformMoment.lean:99:0: 'Row12.uniformMoment_eq_factorial' depends on axioms: [propext, Classical.choice, Quot.sound]
info: Row12/UniformMoment.lean:100:0: 'Row12.coefficient3_sq_mul_uniformMoment' depends on axioms: [propext, Classical.choice, Quot.sound]
ℹ [3396/3434] Built Row12.Residue (5.8s)
info: Row12/Residue.lean:76:0: 'Row12.contact_matrix_product' depends on axioms: [propext, Classical.choice, Quot.sound]
info: Row12/Residue.lean:77:0: 'Row12.residueForm_eq' depends on axioms: [propext, Classical.choice, Quot.sound]
info: Row12/Residue.lean:78:0: 'Row12.residue_perfectSquare' depends on axioms: [propext, Classical.choice, Quot.sound]
info: Row12/Residue.lean:79:0: 'Row12.wronskian_contact_square' depends on axioms: [propext, Classical.choice, Quot.sound]
info: Row12/Residue.lean:80:0: 'Row12.residue_at_wronskian' depends on axioms: [propext, Classical.choice, Quot.sound]
ℹ [3468/3482] Built Row12.Coefficient (2.3s)
info: Row12/Coefficient.lean:87:0: 'Row12.coefficient_zero' depends on axioms: [propext, Classical.choice, Quot.sound]
info: Row12/Coefficient.lean:88:0: 'Row12.successorProduct_eq' depends on axioms: [propext, Classical.choice, Quot.sound]
info: Row12/Coefficient.lean:89:0: 'Row12.factorial_six_step' depends on axioms: [propext, Classical.choice, Quot.sound]
info: Row12/Coefficient.lean:90:0: 'Row12.coefficient_succ_mul' depends on axioms: [propext, Classical.choice, Quot.sound]
info: Row12/Coefficient.lean:91:0: 'Row12.coefficient_succ' depends on axioms: [propext, Classical.choice, Quot.sound]
info: Row12/Coefficient.lean:92:0: 'Row12.risingProduct_zero' depends on axioms: [propext, Classical.choice, Quot.sound]
info: Row12/Coefficient.lean:93:0: 'Row12.risingProduct_succ' depends on axioms: [propext, Classical.choice, Quot.sound]
info: Row12/Coefficient.lean:94:0: 'Row12.coefficient_eq_risingProduct' depends on axioms: [propext, Classical.choice, Quot.sound]
ℹ [3470/3519] Built Row12.BetaMoments (2.5s)
info: Row12/BetaMoments.lean:175:0: 'Row12.gammaMoment_zero' depends on axioms: [propext, Classical.choice, Quot.sound]
info: Row12/BetaMoments.lean:176:0: 'Row12.gammaMoment_pos' depends on axioms: [propext, Classical.choice, Quot.sound]
info: Row12/BetaMoments.lean:177:0: 'Row12.gammaMoment_succ' depends on axioms: [propext, Classical.choice, Quot.sound]
info: Row12/BetaMoments.lean:178:0: 'Row12.gammaMoment_le_one' depends on axioms: [propext, Classical.choice, Quot.sound]
info: Row12/BetaMoments.lean:179:0: 'Row12.gammaMoment_eq_ascPochhammer' depends on axioms: [propext, Classical.choice, Quot.sound]
info: Row12/BetaMoments.lean:180:0: 'Row12.complexBeta_eq_realBeta' depends on axioms: [propext, Classical.choice, Quot.sound]
info: Row12/BetaMoments.lean:181:0: 'Row12.realBeta_integrable' depends on axioms: [propext, Classical.choice, Quot.sound]
info: Row12/BetaMoments.lean:182:0: 'Row12.realBeta_eq_gamma' depends on axioms: [propext, Classical.choice, Quot.sound]
info: Row12/BetaMoments.lean:183:0: 'Row12.realBeta_pos' depends on axioms: [propext, Classical.choice, Quot.sound]
info: Row12/BetaMoments.lean:184:0: 'Row12.realBeta_one_sub' depends on axioms: [propext, Classical.choice, Quot.sound]
info: Row12/BetaMoments.lean:185:0: 'Row12.gammaMoment_eq_beta_ratio' depends on axioms: [propext, Classical.choice, Quot.sound]
info: Row12/BetaMoments.lean:186:0: 'Row12.betaKernel_moment_integrable' depends on axioms: [propext, Classical.choice, Quot.sound]
info: Row12/BetaMoments.lean:187:0: 'Row12.betaKernel_moment_integral' depends on axioms: [propext, Classical.choice, Quot.sound]
info: Row12/BetaMoments.lean:188:0: 'Row12.betaDensity_moment_integrable' depends on axioms: [propext, Classical.choice, Quot.sound]
info: Row12/BetaMoments.lean:189:0: 'Row12.betaDensity_moment_integral' depends on axioms: [propext, Classical.choice, Quot.sound]
info: Row12/BetaMoments.lean:190:0: 'Row12.betaDensity_integral' depends on axioms: [propext, Classical.choice, Quot.sound]
info: Row12/BetaMoments.lean:191:0: 'Row12.betaDensity_nonneg' depends on axioms: [propext, Classical.choice, Quot.sound]
ℹ [3502/3520] Built Row12EulerSupport.Substitution (2.8s)
info: Row12EulerSupport/Substitution.lean:138:0: 'Row12EulerSupport.endpointMapDenominator_pos' depends on axioms: [propext, Classical.choice, Quot.sound]
info: Row12EulerSupport/Substitution.lean:139:0: 'Row12EulerSupport.endpointMap_mem_Ioo' depends on axioms: [propext, Classical.choice, Quot.sound]
info: Row12EulerSupport/Substitution.lean:140:0: 'Row12EulerSupport.endpointMap_hasDerivAt' depends on axioms: [propext, Classical.choice, Quot.sound]
info: Row12EulerSupport/Substitution.lean:141:0: 'Row12EulerSupport.endpointMap_continuousOn' depends on axioms: [propext, Classical.choice, Quot.sound]
info: Row12EulerSupport/Substitution.lean:142:0: 'Row12EulerSupport.endpointMap_zero' depends on axioms: [propext, Classical.choice, Quot.sound]
info: Row12EulerSupport/Substitution.lean:143:0: 'Row12EulerSupport.endpointMap_one' depends on axioms: [propext, Classical.choice, Quot.sound]
info: Row12EulerSupport/Substitution.lean:144:0: 'Row12EulerSupport.endpointMap_factors' depends on axioms: [propext, Classical.choice, Quot.sound]
info: Row12EulerSupport/Substitution.lean:145:0: 'Row12EulerSupport.derivativeKernel_power_cancel' depends on axioms: [propext, Classical.choice, Quot.sound]
info: Row12EulerSupport/Substitution.lean:146:0: 'Row12EulerSupport.derivativeKernel_substitution' depends on axioms: [propext, Classical.choice, Quot.sound]
ℹ [3503/3520] Built Row12.NativeSeries (5.1s)
info: Row12/NativeSeries.lean:255:0: 'Row12.coefficient3_zero' depends on axioms: [propext, Classical.choice, Quot.sound]
info: Row12/NativeSeries.lean:256:0: 'Row12.coefficient3_pos' depends on axioms: [propext, Classical.choice, Quot.sound]
info: Row12/NativeSeries.lean:257:0: 'Row12.coefficient3_nonneg' depends on axioms: [propext, Classical.choice, Quot.sound]
info: Row12/NativeSeries.lean:258:0: 'Row12.factorial_three_step' depends on axioms: [propext, Classical.choice, Quot.sound]
info: Row12/NativeSeries.lean:259:0: 'Row12.coefficient3_succ_mul' depends on axioms: [propext, Classical.choice, Quot.sound]
info: Row12/NativeSeries.lean:260:0: 'Row12.coefficient3_le_one' depends on axioms: [propext, Classical.choice, Quot.sound]
info: Row12/NativeSeries.lean:261:0: 'Row12.nativeEuler_summable' depends on axioms: [propext, Classical.choice, Quot.sound]
info: Row12/NativeSeries.lean:262:0: 'Row12.nativeF_eq_tsum' depends on axioms: [propext, Classical.choice, Quot.sound]
info: Row12/NativeSeries.lean:263:0: 'Row12.nativeSeries_radius' depends on axioms: [propext, Classical.choice, Quot.sound]
info: Row12/NativeSeries.lean:264:0: 'Row12.nativeF_analyticAt' depends on axioms: [propext, Classical.choice, Quot.sound]
info: Row12/NativeSeries.lean:265:0: 'Row12.nativeTerm_hasDerivAt' depends on axioms: [propext, Classical.choice, Quot.sound]
info: Row12/NativeSeries.lean:266:0: 'Row12.nativeDerivative_bound' depends on axioms: [propext, Classical.choice, Quot.sound]
info: Row12/NativeSeries.lean:267:0: 'Row12.nativeEuler_hasDerivAt' depends on axioms: [propext, Classical.choice, Quot.sound]
info: Row12/NativeSeries.lean:268:0: 'Row12.nativeEuler_succ_eq' depends on axioms: [propext, Classical.choice, Quot.sound]
info: Row12/NativeSeries.lean:269:0: 'Row12.nativeEuler_cubic' depends on axioms: [propext, Classical.choice, Quot.sound]
info: Row12/NativeSeries.lean:270:0: 'Row12.nativeThetaIterate_eq' depends on axioms: [propext, Classical.choice, Quot.sound]
info: Row12/NativeSeries.lean:271:0: 'Row12.nativeF_nativeODE' depends on axioms: [propext, Classical.choice, Quot.sound]
ℹ [3504/3520] Built Row12EulerSupport.DominatedLimit (2.3s)
info: Row12EulerSupport/DominatedLimit.lean:127:0: 'Row12EulerSupport.endpointRatio_continuousOn' depends on axioms: [propext, Classical.choice, Quot.sound]
info: Row12EulerSupport/DominatedLimit.lean:128:0: 'Row12EulerSupport.endpointIntegrand_intervalIntegrable' depends on axioms: [propext, Classical.choice, Quot.sound]
info: Row12EulerSupport/DominatedLimit.lean:129:0: 'Row12EulerSupport.endpointIntegrand_tendsto' depends on axioms: [propext, Classical.choice, Quot.sound]
info: Row12EulerSupport/DominatedLimit.lean:130:0: 'Row12EulerSupport.endpointBound_integral' depends on axioms: [propext, Classical.choice, Quot.sound]
info: Row12EulerSupport/DominatedLimit.lean:131:0: 'Row12EulerSupport.endpointIntegral_tendsto' depends on axioms: [propext, Classical.choice, Quot.sound]
ℹ [3505/3520] Built Row12EulerSupport.FunctionBound (3.7s)
info: Row12EulerSupport/FunctionBound.lean:86:0: 'Row12EulerSupport.eulerFunctionIntegrand_integrable' depends on axioms: [propext, Classical.choice, Quot.sound]
info: Row12EulerSupport/FunctionBound.lean:87:0: 'Row12EulerSupport.eulerFunctionIntegral_nonneg' depends on axioms: [propext, Classical.choice, Quot.sound]
info: Row12EulerSupport/FunctionBound.lean:88:0: 'Row12EulerSupport.eulerFunctionIntegral_le' depends on axioms: [propext, Classical.choice, Quot.sound]
info: Row12EulerSupport/FunctionBound.lean:89:0: 'Row12EulerSupport.eulerFunctionIntegral_bound' depends on axioms: [propext, Classical.choice, Quot.sound]
info: Row12EulerSupport/FunctionBound.lean:90:0: 'Row12EulerSupport.functionIntegralEndpoint_tendsto' depends on axioms: [propext, Classical.choice, Quot.sound]
ℹ [3506/3520] Built Row12.GaussSeries (3.7s)
info: Row12/GaussSeries.lean:256:0: 'Row12.gaussCoefficient_eq' depends on axioms: [propext, Classical.choice, Quot.sound]
info: Row12/GaussSeries.lean:257:0: 'Row12.gaussCoefficient_zero' depends on axioms: [propext, Classical.choice, Quot.sound]
info: Row12/GaussSeries.lean:258:0: 'Row12.gaussCoefficient_one' depends on axioms: [propext, Classical.choice, Quot.sound]
info: Row12/GaussSeries.lean:259:0: 'Row12.gaussCoefficient_pos' depends on axioms: [propext, Classical.choice, Quot.sound]
info: Row12/GaussSeries.lean:260:0: 'Row12.gaussCoefficient_le_one' depends on axioms: [propext, Classical.choice, Quot.sound]
info: Row12/GaussSeries.lean:261:0: 'Row12.gaussCoefficient_succ_mul' depends on axioms: [propext, Classical.choice, Quot.sound]
info: Row12/GaussSeries.lean:262:0: 'Row12.gaussCoefficient_cast' depends on axioms: [propext, Classical.choice, Quot.sound]
info: Row12/GaussSeries.lean:263:0: 'Row12.gaussA_eq_tsum' depends on axioms: [propext, Classical.choice, Quot.sound]
info: Row12/GaussSeries.lean:264:0: 'Row12.gaussEuler_zero_eq' depends on axioms: [propext, Classical.choice, Quot.sound]
info: Row12/GaussSeries.lean:265:0: 'Row12.gaussA_zero' depends on axioms: [propext, Classical.choice, Quot.sound]
info: Row12/GaussSeries.lean:266:0: 'Row12.gaussEuler_summable' depends on axioms: [propext, Classical.choice, Quot.sound]
info: Row12/GaussSeries.lean:267:0: 'Row12.gaussSeries_radius' depends on axioms: [propext, Classical.choice, Quot.sound]
info: Row12/GaussSeries.lean:268:0: 'Row12.gaussA_analyticAt' depends on axioms: [propext, Classical.choice, Quot.sound]
info: Row12/GaussSeries.lean:269:0: 'Row12.gaussTerm_hasDerivAt' depends on axioms: [propext, Classical.choice, Quot.sound]
info: Row12/GaussSeries.lean:270:0: 'Row12.gaussDerivative_bound' depends on axioms: [propext, Classical.choice, Quot.sound]
info: Row12/GaussSeries.lean:271:0: 'Row12.gaussEuler_hasDerivAt' depends on axioms: [propext, Classical.choice, Quot.sound]
info: Row12/GaussSeries.lean:272:0: 'Row12.gaussEuler_succ_eq' depends on axioms: [propext, Classical.choice, Quot.sound]
info: Row12/GaussSeries.lean:273:0: 'Row12.gaussEuler_quadratic' depends on axioms: [propext, Classical.choice, Quot.sound]
info: Row12/GaussSeries.lean:274:0: 'Row12.gaussA_deriv_zero' depends on axioms: [propext, Classical.choice, Quot.sound]
info: Row12/GaussSeries.lean:275:0: 'Row12.gaussA_equation' depends on axioms: [propext, Classical.choice, Quot.sound]
ℹ [3507/3520] Built Row12.SymmetricSquare (3.2s)
info: Row12/SymmetricSquare.lean:244:0: 'Row12.formalTheta_add' depends on axioms: [propext, Classical.choice, Quot.sound]
info: Row12/SymmetricSquare.lean:245:0: 'Row12.formalTheta_sub' depends on axioms: [propext, Classical.choice, Quot.sound]
info: Row12/SymmetricSquare.lean:246:0: 'Row12.formalTheta_mul' depends on axioms: [propext, Classical.choice, Quot.sound]
info: Row12/SymmetricSquare.lean:247:0: 'Row12.formalTheta_nat' depends on axioms: [propext, Classical.choice, Quot.sound]
info: Row12/SymmetricSquare.lean:248:0: 'Row12.formalTheta_X' depends on axioms: [propext, Classical.choice, Quot.sound]
info: Row12/SymmetricSquare.lean:249:0: 'Row12.formalTheta_C' depends on axioms: [propext, Classical.choice, Quot.sound]
info: Row12/SymmetricSquare.lean:250:0: 'Row12.formalTheta_one' depends on axioms: [propext, Classical.choice, Quot.sound]
info: Row12/SymmetricSquare.lean:251:0: 'Row12.formalTheta_coeff' depends on axioms: [propext, Classical.choice, Quot.sound]
info: Row12/SymmetricSquare.lean:252:0: 'Row12.formal_symmetric_square_identity' depends on axioms: [propext, Classical.choice, Quot.sound]
info: Row12/SymmetricSquare.lean:253:0: 'Row12.halfGaussCoefficient_zero' depends on axioms: [propext, Classical.choice, Quot.sound]
info: Row12/SymmetricSquare.lean:254:0: 'Row12.halfGaussCoefficient_succ_mul' depends on axioms: [propext, Classical.choice, Quot.sound]
info: Row12/SymmetricSquare.lean:255:0: 'Row12.formalHalfGauss_second' depends on axioms: [propext, Classical.choice, Quot.sound]
info: Row12/SymmetricSquare.lean:256:0: 'Row12.formalThird_coeff_succ' depends on axioms: [propext, Classical.choice, Quot.sound]
info: Row12/SymmetricSquare.lean:257:0: 'Row12.formalNative_third' depends on axioms: [propext, Classical.choice, Quot.sound]
info: Row12/SymmetricSquare.lean:258:0: 'Row12.formalThird_unique' depends on axioms: [propext, Classical.choice, Quot.sound]
info: Row12/SymmetricSquare.lean:259:0: 'Row12.formalNative_eq_square' depends on axioms: [propext, Classical.choice, Quot.sound]
info: Row12/SymmetricSquare.lean:260:0: 'Row12.nativeCoefficient_clausen' depends on axioms: [propext, Classical.choice, Quot.sound]
info: Row12/SymmetricSquare.lean:261:0: 'Row12.halfGaussCoefficient_pos' depends on axioms: [propext, Classical.choice, Quot.sound]
info: Row12/SymmetricSquare.lean:262:0: 'Row12.halfGaussCoefficient_le_one' depends on axioms: [propext, Classical.choice, Quot.sound]
info: Row12/SymmetricSquare.lean:263:0: 'Row12.halfGaussCoefficient_eq' depends on axioms: [propext, Classical.choice, Quot.sound]
info: Row12/SymmetricSquare.lean:264:0: 'Row12.halfGaussCoefficient_cast' depends on axioms: [propext, Classical.choice, Quot.sound]
info: Row12/SymmetricSquare.lean:265:0: 'Row12.halfGauss_eq_tsum' depends on axioms: [propext, Classical.choice, Quot.sound]
info: Row12/SymmetricSquare.lean:266:0: 'Row12.halfGauss_summable_norm' depends on axioms: [propext, Classical.choice, Quot.sound]
info: Row12/SymmetricSquare.lean:267:0: 'Row12.nativeF_eq_halfGauss_square' depends on axioms: [propext, Classical.choice, Quot.sound]
ℹ [3508/3520] Built Row12.Hadamard (2.9s)
info: Row12/Hadamard.lean:174:0: 'Row12.nativeF_hasFPowerSeriesAt' depends on axioms: [propext, Classical.choice, Quot.sound]
info: Row12/Hadamard.lean:175:0: 'Row12.nativeF_differentiableOn_closedBall' depends on axioms: [propext, Classical.choice, Quot.sound]
info: Row12/Hadamard.lean:176:0: 'Row12.nativeF_cauchySeries_eq' depends on axioms: [propext, Classical.choice, Quot.sound]
info: Row12/Hadamard.lean:177:0: 'Row12.nativeF_cauchyCoefficient' depends on axioms: [propext, Classical.choice, Quot.sound]
info: Row12/Hadamard.lean:178:0: 'Row12.hadamardEuler_hasSum' depends on axioms: [propext, Classical.choice, Quot.sound]
info: Row12/Hadamard.lean:179:0: 'Row12.hadamard_hasSum' depends on axioms: [propext, Classical.choice, Quot.sound]
info: Row12/Hadamard.lean:180:0: 'Row12.hadamard_tsum' depends on axioms: [propext, Classical.choice, Quot.sound]
info: Row12/Hadamard.lean:181:0: 'Row12.hadamardEuler_radius_independent' depends on axioms: [propext, Classical.choice, Quot.sound]
ℹ [3509/3522] Built Row12.ScalarSeriesIntegral (2.4s)
info: Row12/ScalarSeriesIntegral.lean:109:0: 'Row12.coefficient_eq_uniformMoment' depends on axioms: [propext, Classical.choice, Quot.sound]
info: Row12/ScalarSeriesIntegral.lean:110:0: 'Row12.angularWeight_nonneg' depends on axioms: [propext, Classical.choice, Quot.sound]
info: Row12/ScalarSeriesIntegral.lean:111:0: 'Row12.angularMajorant_summable' depends on axioms: [propext, Classical.choice, Quot.sound]
info: Row12/ScalarSeriesIntegral.lean:112:0: 'Row12.angularLoaded_summable' depends on axioms: [propext, Classical.choice, Quot.sound]
info: Row12/ScalarSeriesIntegral.lean:113:0: 'Row12.term_hasSum_uniformIntegral' depends on axioms: [propext, Classical.choice, Quot.sound]
info: Row12/ScalarSeriesIntegral.lean:114:0: 'Row12.term_tsum_uniformIntegral' depends on axioms: [propext, Classical.choice, Quot.sound]
ℹ [3510/3523] Built Row12.GaussQuadratic (3.2s)
info: Row12/GaussQuadratic.lean:164:0: 'Row12.gaussP_norm_lt_one' depends on axioms: [propext, Classical.choice, Quot.sound]
info: Row12/GaussQuadratic.lean:165:0: 'Row12.gaussP_zero' depends on axioms: [propext, Classical.choice, Quot.sound]
info: Row12/GaussQuadratic.lean:166:0: 'Row12.gaussG_zero' depends on axioms: [propext, Classical.choice, Quot.sound]
info: Row12/GaussQuadratic.lean:167:0: 'Row12.gaussSqrt_hasDerivAt' depends on axioms: [propext, Classical.choice, Quot.sound]
info: Row12/GaussQuadratic.lean:168:0: 'Row12.gaussP_hasDerivAt' depends on axioms: [propext, Classical.choice, Quot.sound]
info: Row12/GaussQuadratic.lean:169:0: 'Row12.gaussSqrt_analyticAt' depends on axioms: [propext, Classical.choice, Quot.sound]
info: Row12/GaussQuadratic.lean:170:0: 'Row12.gaussP_analyticAt' depends on axioms: [propext, Classical.choice, Quot.sound]
info: Row12/GaussQuadratic.lean:171:0: 'Row12.gaussG_analyticAt' depends on axioms: [propext, Classical.choice, Quot.sound]
info: Row12/GaussQuadratic.lean:172:0: 'Row12.gaussG_hasDerivAt' depends on axioms: [propext, Classical.choice, Quot.sound]
info: Row12/GaussQuadratic.lean:173:0: 'Row12.gaussG_deriv' depends on axioms: [propext, Classical.choice, Quot.sound]
info: Row12/GaussQuadratic.lean:174:0: 'Row12.gaussInvSqrt_hasDerivAt' depends on axioms: [propext, Classical.choice, Quot.sound]
info: Row12/GaussQuadratic.lean:175:0: 'Row12.gaussG_second_deriv' depends on axioms: [propext, Classical.choice, Quot.sound]
info: Row12/GaussQuadratic.lean:176:0: 'Row12.gaussP_quadratic' depends on axioms: [propext, Classical.choice, Quot.sound]
info: Row12/GaussQuadratic.lean:177:0: 'Row12.gaussP_linear' depends on axioms: [propext, Classical.choice, Quot.sound]
info: Row12/GaussQuadratic.lean:178:0: 'Row12.gaussG_equation' depends on axioms: [propext, Classical.choice, Quot.sound]
info: Row12/GaussQuadratic.lean:179:0: 'Row12.gaussG_theta_second' depends on axioms: [propext, Classical.choice, Quot.sound]
info: Row12/GaussQuadratic.lean:180:0: 'Row12.gaussG_nativeSecond' depends on axioms: [propext, Classical.choice, Quot.sound]
ℹ [3511/3523] Built Row12.HalfGaussSeries (3.3s)
info: Row12/HalfGaussSeries.lean:194:0: 'Row12.halfEuler_zero_eq' depends on axioms: [propext, Classical.choice, Quot.sound]
info: Row12/HalfGaussSeries.lean:195:0: 'Row12.halfGauss_zero' depends on axioms: [propext, Classical.choice, Quot.sound]
info: Row12/HalfGaussSeries.lean:196:0: 'Row12.halfEuler_summable' depends on axioms: [propext, Classical.choice, Quot.sound]
info: Row12/HalfGaussSeries.lean:197:0: 'Row12.halfGaussSeries_radius' depends on axioms: [propext, Classical.choice, Quot.sound]
info: Row12/HalfGaussSeries.lean:198:0: 'Row12.halfGauss_analyticAt' depends on axioms: [propext, Classical.choice, Quot.sound]
info: Row12/HalfGaussSeries.lean:199:0: 'Row12.halfTerm_hasDerivAt' depends on axioms: [propext, Classical.choice, Quot.sound]
info: Row12/HalfGaussSeries.lean:200:0: 'Row12.halfDerivative_bound' depends on axioms: [propext, Classical.choice, Quot.sound]
info: Row12/HalfGaussSeries.lean:201:0: 'Row12.halfEuler_hasDerivAt' depends on axioms: [propext, Classical.choice, Quot.sound]
info: Row12/HalfGaussSeries.lean:202:0: 'Row12.halfEuler_succ_eq' depends on axioms: [propext, Classical.choice, Quot.sound]
info: Row12/HalfGaussSeries.lean:203:0: 'Row12.halfEuler_quadratic' depends on axioms: [propext, Classical.choice, Quot.sound]
info: Row12/HalfGaussSeries.lean:204:0: 'Row12.halfGauss_deriv_zero' depends on axioms: [propext, Classical.choice, Quot.sound]
info: Row12/HalfGaussSeries.lean:205:0: 'Row12.halfGauss_equation' depends on axioms: [propext, Classical.choice, Quot.sound]
ℹ [3512/3523] Built Row12.DualFrame (9.8s)
info: Row12/DualFrame.lean:241:0: 'Row12.dual_state_matrix_entry_hasDerivAt' depends on axioms: [propext, Classical.choice, Quot.sound]
info: Row12/DualFrame.lean:242:0: 'Row12.native_solution_metric_entry_hasDerivAt' depends on axioms: [propext, Classical.choice, Quot.sound]
info: Row12/DualFrame.lean:243:0: 'Row12.dual_state_contact_matrix' depends on axioms: [propext, Classical.choice, Quot.sound]
info: Row12/DualFrame.lean:244:0: 'Row12.dual_frame_identity' depends on axioms: [propext, Classical.choice, Quot.sound]
info: Row12/DualFrame.lean:245:0: 'Row12.native_solution_metric_identity' depends on axioms: [propext, Classical.choice, Quot.sound]
info: Row12/DualFrame.lean:246:0: 'Row12.nativeEuler_hasDerivAt_div' depends on axioms: [propext, Classical.choice, Quot.sound]
info: Row12/DualFrame.lean:247:0: 'Row12.nativeEuler_three_div' depends on axioms: [propext, Classical.choice, Quot.sound]
info: Row12/DualFrame.lean:248:0: 'Row12.native_state_hasDerivAt' depends on axioms: [propext, Classical.choice, Quot.sound]
info: Row12/DualFrame.lean:249:0: 'Row12.native_state_derivative_connection' depends on axioms: [propext, Classical.choice, Quot.sound]
info: Row12/DualFrame.lean:250:0: 'Row12.dual_state_formula' depends on axioms: [propext, Classical.choice, Quot.sound]
info: Row12/DualFrame.lean:251:0: 'Row12.dual_state_hasDerivAt_product' depends on axioms: [propext, Classical.choice, Quot.sound]
info: Row12/DualFrame.lean:252:0: 'Row12.dual_state_derivative_connection' depends on axioms: [propext, Classical.choice, Quot.sound]
info: Row12/DualFrame.lean:253:0: 'Row12.dual_state_hasDerivAt' depends on axioms: [propext, Classical.choice, Quot.sound]
info: Row12/DualFrame.lean:254:0: 'Row12.dual_state_deriv' depends on axioms: [propext, Classical.choice, Quot.sound]
ℹ [3513/3523] Built Row12.HadamardComplex (2.6s)
info: Row12/HadamardComplex.lean:116:0: 'Row12.hadamardComplexEuler_hasSum' depends on axioms: [propext, Classical.choice, Quot.sound]
ℹ [3514/3523] Built Row12.CircleParametric (2.1s)
info: Row12/CircleParametric.lean:71:0: 'Row12.circleParametric_hasDerivAt' depends on axioms: [propext, Classical.choice, Quot.sound]
info: Row12/CircleParametric.lean:72:0: 'Row12.circleIntegral_exactDerivative' depends on axioms: [propext, Classical.choice, Quot.sound]
ℹ [3515/3523] Built Row12.AngularBridge (2.5s)
info: Row12/AngularBridge.lean:136:0: 'Row12.angularWeight_eq_cubic' depends on axioms: [propext, Classical.choice, Quot.sound]
info: Row12/AngularBridge.lean:137:0: 'Row12.coefficient3_sq_le_one' depends on axioms: [propext, Classical.choice, Quot.sound]
info: Row12/AngularBridge.lean:138:0: 'Row12.squaredNativeEuler_summable' depends on axioms: [propext, Classical.choice, Quot.sound]
info: Row12/AngularBridge.lean:139:0: 'Row12.squaredNativeTerm_hasDerivAt' depends on axioms: [propext, Classical.choice, Quot.sound]
info: Row12/AngularBridge.lean:140:0: 'Row12.squaredNativeDerivative_bound' depends on axioms: [propext, Classical.choice, Quot.sound]
info: Row12/AngularBridge.lean:141:0: 'Row12.squaredNativeEuler_hasDerivAt' depends on axioms: [propext, Classical.choice, Quot.sound]
info: Row12/AngularBridge.lean:142:0: 'Row12.squaredNativeEuler_analyticAt' depends on axioms: [propext, Classical.choice, Quot.sound]
info: Row12/AngularBridge.lean:143:0: 'Row12.squaredNativeEuler_succ_eq' depends on axioms: [propext, Classical.choice, Quot.sound]
info: Row12/AngularBridge.lean:144:0: 'Row12.hadamardEulerIntegral_eq_squaredNativeEuler' depends on axioms: [propext, Classical.choice, Quot.sound]
info: Row12/AngularBridge.lean:145:0: 'Row12.angularLoaded_cast_eq_squaredNativeEuler' depends on axioms: [propext, Classical.choice, Quot.sound]
info: Row12/AngularBridge.lean:146:0: 'Row12.angularLoaded_cast_eq_hadamard' depends on axioms: [propext, Classical.choice, Quot.sound]
✔ [3516/3523] Built Row12.Kernel (1.0s)
ℹ [3517/3524] Built Row12.Normalization (2.1s)
info: Row12/Normalization.lean:57:0: 'Row12.betaNormalizer_one_sub' depends on axioms: [propext, Classical.choice, Quot.sound]
info: Row12/Normalization.lean:58:0: 'Row12.betaNormalizer_one_sixth' depends on axioms: [propext, Classical.choice, Quot.sound]
info: Row12/Normalization.lean:59:0: 'Row12.betaNormalizer_one_third_sq' depends on axioms: [propext, Classical.choice, Quot.sound]
info: Row12/Normalization.lean:60:0: 'Row12.betaNormalizer_one_half' depends on axioms: [propext, Classical.choice, Quot.sound]
info: Row12/Normalization.lean:61:0: 'Row12.fiveBetaNormalizer_eq' depends on axioms: [propext, Classical.choice, Quot.sound]
info: Row12/Normalization.lean:62:0: 'Row12.fiveBetaNormalizer_pos' depends on axioms: [propext, Classical.choice, Quot.sound]
ℹ [3518/3524] Built Row12.AnalyticSecondUniqueness (3.2s)
info: Row12/AnalyticSecondUniqueness.lean:279:0: 'Row12.nativeTheta_eventually_congr' depends on axioms: [propext, Classical.choice, Quot.sound]
info: Row12/AnalyticSecondUniqueness.lean:280:0: 'Row12.realNativeSecond_eventually_congr' depends on axioms: [propext, Classical.choice, Quot.sound]
info: Row12/AnalyticSecondUniqueness.lean:281:0: 'Row12.nativeTheta_pow_mul' depends on axioms: [propext, Classical.choice, Quot.sound]
info: Row12/AnalyticSecondUniqueness.lean:282:0: 'Row12.nativeTheta_second_pow_mul' depends on axioms: [propext, Classical.choice, Quot.sound]
info: Row12/AnalyticSecondUniqueness.lean:283:0: 'Row12.realNativeSecond_pow_mul' depends on axioms: [propext, Classical.choice, Quot.sound]
info: Row12/AnalyticSecondUniqueness.lean:284:0: 'Row12.analytic_nativeSecond_zero' depends on axioms: [propext, Classical.choice, Quot.sound]
info: Row12/AnalyticSecondUniqueness.lean:285:0: 'Row12.realNativeSecond_eventually_sub' depends on axioms: [propext, Classical.choice, Quot.sound]
info: Row12/AnalyticSecondUniqueness.lean:286:0: 'Row12.normalized_nativeSecond_eq_eventually' depends on axioms: [propext, Classical.choice, Quot.sound]
info: Row12/AnalyticSecondUniqueness.lean:287:0: 'Row12.nativeTheta_second_eq' depends on axioms: [propext, Classical.choice, Quot.sound]
info: Row12/AnalyticSecondUniqueness.lean:288:0: 'Row12.halfGauss_nativeSecond' depends on axioms: [propext, Classical.choice, Quot.sound]
info: Row12/AnalyticSecondUniqueness.lean:289:0: 'Row12.gaussG_eq_halfGauss_eventually' depends on axioms: [propext, Classical.choice, Quot.sound]
info: Row12/AnalyticSecondUniqueness.lean:290:0: 'Row12.gaussG_eq_halfGauss' depends on axioms: [propext, Classical.choice, Quot.sound]
info: Row12/AnalyticSecondUniqueness.lean:291:0: 'Row12.nativeF_eq_gaussG_square' depends on axioms: [propext, Classical.choice, Quot.sound]
info: Row12/AnalyticSecondUniqueness.lean:292:0: 'Row12.regularSecond_eventually_congr' depends on axioms: [propext, Classical.choice, Quot.sound]
info: Row12/AnalyticSecondUniqueness.lean:293:0: 'Row12.regularSecond_pow_mul' depends on axioms: [propext, Classical.choice, Quot.sound]
info: Row12/AnalyticSecondUniqueness.lean:294:0: 'Row12.analytic_regularSecond_zero' depends on axioms: [propext, Classical.choice, Quot.sound]
info: Row12/AnalyticSecondUniqueness.lean:295:0: 'Row12.nativeTheta_eventually_sub' depends on axioms: [propext, Classical.choice, Quot.sound]
info: Row12/AnalyticSecondUniqueness.lean:296:0: 'Row12.regularSecond_eventually_sub' depends on axioms: [propext, Classical.choice, Quot.sound]
info: Row12/AnalyticSecondUniqueness.lean:297:0: 'Row12.normalized_regularSecond_eq_eventually' depends on axioms: [propext, Classical.choice, Quot.sound]
✔ [3519/3535] Built Row12.Integral (2.6s)
ℹ [3527/3537] Built Row12.GaussEulerIntegral (2.8s)
info: Row12/GaussEulerIntegral.lean:239:0: 'Row12.gammaMoment_eq_choose' depends on axioms: [propext, Classical.choice, Quot.sound]
info: Row12/GaussEulerIntegral.lean:240:0: 'Row12.gammaMoment_binomial_hasSum' depends on axioms: [propext, Classical.choice, Quot.sound]
info: Row12/GaussEulerIntegral.lean:241:0: 'Row12.gammaMoment_add_one' depends on axioms: [propext, Classical.choice, Quot.sound]
info: Row12/GaussEulerIntegral.lean:242:0: 'Row12.betaNormalizer_five_sixths' depends on axioms: [propext, Classical.choice, Quot.sound]
info: Row12/GaussEulerIntegral.lean:243:0: 'Row12.betaDensity_five_sixths' depends on axioms: [propext, Classical.choice, Quot.sound]
info: Row12/GaussEulerIntegral.lean:244:0: 'Row12.gaussEulerIntegrand_integrable' depends on axioms: [propext, Classical.choice, Quot.sound]
info: Row12/GaussEulerIntegral.lean:245:0: 'Row12.gaussDerivativeIntegrand_integrable' depends on axioms: [propext, Classical.choice, Quot.sound]
info: Row12/GaussEulerIntegral.lean:246:0: 'Row12.gaussA_eq_eulerIntegral' depends on axioms: [propext, Classical.choice, Quot.sound]
info: Row12/GaussEulerIntegral.lean:247:0: 'Row12.gaussA_deriv_eq_eulerIntegral' depends on axioms: [propext, Classical.choice, Quot.sound]
info: Row12/GaussEulerIntegral.lean:248:0: 'Row12.gaussA_hasDerivAt_eulerIntegral' depends on axioms: [propext, Classical.choice, Quot.sound]
ℹ [3528/3537] Built Row12GaussGauge.Algebra (4.3s)
info: Row12GaussGauge/Algebra.lean:311:0: 'Row12GaussGauge.gaugeRoot_hasDerivAt' depends on axioms: [propext, Classical.choice, Quot.sound]
info: Row12GaussGauge/Algebra.lean:312:0: 'Row12GaussGauge.gaugeRoot_analyticAt' depends on axioms: [propext, Classical.choice, Quot.sound]
info: Row12GaussGauge/Algebra.lean:313:0: 'Row12GaussGauge.gaugeRatio_sq' depends on axioms: [propext, Classical.choice, Quot.sound]
info: Row12GaussGauge/Algebra.lean:314:0: 'Row12GaussGauge.gaugeRatio_hasDerivAt' depends on axioms: [propext, Classical.choice, Quot.sound]
info: Row12GaussGauge/Algebra.lean:315:0: 'Row12GaussGauge.gaugeRatio_analyticAt' depends on axioms: [propext, Classical.choice, Quot.sound]
info: Row12GaussGauge/Algebra.lean:316:0: 'Row12GaussGauge.gaugeP1_hasDerivAt' depends on axioms: [propext, Classical.choice, Quot.sound]
info: Row12GaussGauge/Algebra.lean:317:0: 'Row12GaussGauge.gaugeP2_hasDerivAt' depends on axioms: [propext, Classical.choice, Quot.sound]
info: Row12GaussGauge/Algebra.lean:318:0: 'Row12GaussGauge.gaugeBase_hasDerivAt' depends on axioms: [propext, Classical.choice, Quot.sound]
info: Row12GaussGauge/Algebra.lean:319:0: 'Row12GaussGauge.gaugeK1_hasDerivAt' depends on axioms: [propext, Classical.choice, Quot.sound]
info: Row12GaussGauge/Algebra.lean:320:0: 'Row12GaussGauge.gaugeK2_hasDerivAt' depends on axioms: [propext, Classical.choice, Quot.sound]
info: Row12GaussGauge/Algebra.lean:321:0: 'Row12GaussGauge.gaugeP1_quadratic' depends on axioms: [propext, Classical.choice, Quot.sound]
info: Row12GaussGauge/Algebra.lean:322:0: 'Row12GaussGauge.gaugeP2_quadratic' depends on axioms: [propext, Classical.choice, Quot.sound]
info: Row12GaussGauge/Algebra.lean:323:0: 'Row12GaussGauge.gaugeP1_norm_lt_one' depends on axioms: [propext, Classical.choice, Quot.sound]
info: Row12GaussGauge/Algebra.lean:324:0: 'Row12GaussGauge.gaugeP2_norm_lt_one' depends on axioms: [propext, Classical.choice, Quot.sound]
info: Row12GaussGauge/Algebra.lean:325:0: 'Row12GaussGauge.gaugeP1_analyticAt' depends on axioms: [propext, Classical.choice, Quot.sound]
info: Row12GaussGauge/Algebra.lean:326:0: 'Row12GaussGauge.gaugeP2_analyticAt' depends on axioms: [propext, Classical.choice, Quot.sound]
info: Row12GaussGauge/Algebra.lean:327:0: 'Row12GaussGauge.gaugeP1_zero' depends on axioms: [propext, Classical.choice, Quot.sound]
info: Row12GaussGauge/Algebra.lean:328:0: 'Row12GaussGauge.gaugeP2_zero' depends on axioms: [propext, Classical.choice, Quot.sound]
info: Row12GaussGauge/Algebra.lean:329:0: 'Row12GaussGauge.gaugeY1_zero' depends on axioms: [propext, Classical.choice, Quot.sound]
info: Row12GaussGauge/Algebra.lean:330:0: 'Row12GaussGauge.gaugeY2_zero' depends on axioms: [propext, Classical.choice, Quot.sound]
info: Row12GaussGauge/Algebra.lean:331:0: 'Row12GaussGauge.gaugeL_zero' depends on axioms: [propext, Classical.choice, Quot.sound]
info: Row12GaussGauge/Algebra.lean:332:0: 'Row12GaussGauge.gaugeY1_analyticAt_zero' depends on axioms: [propext, Classical.choice, Quot.sound]
info: Row12GaussGauge/Algebra.lean:333:0: 'Row12GaussGauge.gaugeY2_analyticAt_zero' depends on axioms: [propext, Classical.choice, Quot.sound]
info: Row12GaussGauge/Algebra.lean:334:0: 'Row12GaussGauge.gaugeY1_analyticAt' depends on axioms: [propext, Classical.choice, Quot.sound]
info: Row12GaussGauge/Algebra.lean:335:0: 'Row12GaussGauge.gaugeY2_analyticAt' depends on axioms: [propext, Classical.choice, Quot.sound]
info: Row12GaussGauge/Algebra.lean:336:0: 'Row12GaussGauge.gaugeRatio_pos' depends on axioms: [propext, Classical.choice, Quot.sound]
info: Row12GaussGauge/Algebra.lean:337:0: 'Row12GaussGauge.gaugeRatio_zero' depends on axioms: [propext, Classical.choice, Quot.sound]
info: Row12GaussGauge/Algebra.lean:338:0: 'Row12GaussGauge.gaugeBase_zero' depends on axioms: [propext, Classical.choice, Quot.sound]
info: Row12GaussGauge/Algebra.lean:339:0: 'Row12GaussGauge.gaugeK1_zero' depends on axioms: [propext, Classical.choice, Quot.sound]
info: Row12GaussGauge/Algebra.lean:340:0: 'Row12GaussGauge.gaugeK2_zero' depends on axioms: [propext, Classical.choice, Quot.sound]
info: Row12GaussGauge/Algebra.lean:341:0: 'Row12GaussGauge.gaugeB1_zero' depends on axioms: [propext, Classical.choice, Quot.sound]
info: Row12GaussGauge/Algebra.lean:342:0: 'Row12GaussGauge.gaugeB2_zero' depends on axioms: [propext, Classical.choice, Quot.sound]
info: Row12GaussGauge/Algebra.lean:343:0: 'Row12GaussGauge.gaugeC1_zero' depends on axioms: [propext, Classical.choice, Quot.sound]
info: Row12GaussGauge/Algebra.lean:344:0: 'Row12GaussGauge.gaugeC2_zero' depends on axioms: [propext, Classical.choice, Quot.sound]
info: Row12GaussGauge/Algebra.lean:345:0: 'Row12GaussGauge.gaugeMu_zero' depends on axioms: [propext, Classical.choice, Quot.sound]
info: Row12GaussGauge/Algebra.lean:346:0: 'Row12GaussGauge.gaugeB1_analyticAt' depends on axioms: [propext, Classical.choice, Quot.sound]
info: Row12GaussGauge/Algebra.lean:347:0: 'Row12GaussGauge.gaugeB2_analyticAt' depends on axioms: [propext, Classical.choice, Quot.sound]
info: Row12GaussGauge/Algebra.lean:348:0: 'Row12GaussGauge.gaugeC1_analyticAt' depends on axioms: [propext, Classical.choice, Quot.sound]
info: Row12GaussGauge/Algebra.lean:349:0: 'Row12GaussGauge.gaugeC2_analyticAt' depends on axioms: [propext, Classical.choice, Quot.sound]
info: Row12GaussGauge/Algebra.lean:350:0: 'Row12GaussGauge.gaugeB1_continuousAt_zero' depends on axioms: [propext, Classical.choice, Quot.sound]
info: Row12GaussGauge/Algebra.lean:351:0: 'Row12GaussGauge.gaugeB2_continuousAt_zero' depends on axioms: [propext, Classical.choice, Quot.sound]
info: Row12GaussGauge/Algebra.lean:352:0: 'Row12GaussGauge.gaugeC1_continuousAt_zero' depends on axioms: [propext, Classical.choice, Quot.sound]
info: Row12GaussGauge/Algebra.lean:353:0: 'Row12GaussGauge.gaugeC2_continuousAt_zero' depends on axioms: [propext, Classical.choice, Quot.sound]
ℹ [3529/3542] Built Row12EulerSupport.Endpoint (2.3s)
info: Row12EulerSupport/Endpoint.lean:69:0: 'Row12EulerSupport.gaussDerivative_kernel' depends on axioms: [propext, Classical.choice, Quot.sound]
info: Row12EulerSupport/Endpoint.lean:70:0: 'Row12EulerSupport.gaussDerivative_transformed' depends on axioms: [propext, Classical.choice, Quot.sound]
info: Row12EulerSupport/Endpoint.lean:71:0: 'Row12EulerSupport.derivativeEndpoint' depends on axioms: [propext, Classical.choice, Quot.sound]
info: Row12EulerSupport/Endpoint.lean:72:0: 'Row12EulerSupport.functionEndpoint' depends on axioms: [propext, Classical.choice, Quot.sound]
ℹ [3530/3546] Built Row12GaussGauge.Factor (2.9s)
info: Row12GaussGauge/Factor.lean:216:0: 'Row12GaussGauge.gaugeMuPrime' depends on axioms: [propext, Classical.choice, Quot.sound]
info: Row12GaussGauge/Factor.lean:217:0: 'Row12GaussGauge.gaugeL_pos' depends on axioms: [propext, Classical.choice, Quot.sound]
info: Row12GaussGauge/Factor.lean:218:0: 'Row12GaussGauge.gaugeL_eq_rpow' depends on axioms: [propext, Classical.choice, Quot.sound]
info: Row12GaussGauge/Factor.lean:219:0: 'Row12GaussGauge.gaugeL_analyticAt' depends on axioms: [propext, Classical.choice, Quot.sound]
info: Row12GaussGauge/Factor.lean:220:0: 'Row12GaussGauge.gaugeL_analyticAt_zero' depends on axioms: [propext, Classical.choice, Quot.sound]
info: Row12GaussGauge/Factor.lean:221:0: 'Row12GaussGauge.gaugeL_eventually_pos' depends on axioms: [propext, Classical.choice, Quot.sound]
info: Row12GaussGauge/Factor.lean:222:0: 'Row12GaussGauge.gaugeL_hasDerivAt' depends on axioms: [propext, Classical.choice, Quot.sound]
info: Row12GaussGauge/Factor.lean:223:0: 'Row12GaussGauge.gaugeL_deriv' depends on axioms: [propext, Classical.choice, Quot.sound]
info: Row12GaussGauge/Factor.lean:224:0: 'Row12GaussGauge.gaugeMu_hasDerivAt' depends on axioms: [propext, Classical.choice, Quot.sound]
info: Row12GaussGauge/Factor.lean:225:0: 'Row12GaussGauge.gaugeMu_deriv' depends on axioms: [propext, Classical.choice, Quot.sound]
info: Row12GaussGauge/Factor.lean:226:0: 'Row12GaussGauge.gaugeL_second_hasDerivAt' depends on axioms: [propext, Classical.choice, Quot.sound]
info: Row12GaussGauge/Factor.lean:227:0: 'Row12GaussGauge.gaugeL_second_deriv' depends on axioms: [propext, Classical.choice, Quot.sound]
info: Row12GaussGauge/Factor.lean:228:0: 'Row12GaussGauge.gaugeB_identity' depends on axioms: [propext, Classical.choice, Quot.sound]
info: Row12GaussGauge/Factor.lean:229:0: 'Row12GaussGauge.gaugeC_identity' depends on axioms: [propext, Classical.choice, Quot.sound]
info: Row12GaussGauge/Factor.lean:230:0: 'Row12GaussGauge.gaugeC_deriv_identity' depends on axioms: [propext, Classical.choice, Quot.sound]
info: Row12GaussGauge/Factor.lean:231:0: 'Row12GaussGauge.gaugeL_mul_hasDerivAt' depends on axioms: [propext, Classical.choice, Quot.sound]
info: Row12GaussGauge/Factor.lean:232:0: 'Row12GaussGauge.gaugeL_mul_deriv' depends on axioms: [propext, Classical.choice, Quot.sound]
info: Row12GaussGauge/Factor.lean:233:0: 'Row12GaussGauge.gaugeL_mul_second_hasDerivAt' depends on axioms: [propext, Classical.choice, Quot.sound]
info: Row12GaussGauge/Factor.lean:234:0: 'Row12GaussGauge.gaugeL_mul_second_deriv' depends on axioms: [propext, Classical.choice, Quot.sound]
info: Row12GaussGauge/Factor.lean:235:0: 'Row12GaussGauge.gaugeL_mul_equation' depends on axioms: [propext, Classical.choice, Quot.sound]
info: Row12GaussGauge/Factor.lean:236:0: 'Row12GaussGauge.gauge_factor_nativeTheta_second' depends on axioms: [propext, Classical.choice, Quot.sound]
info: Row12GaussGauge/Factor.lean:237:0: 'Row12GaussGauge.gaugeL_mul_euler_equation' depends on axioms: [propext, Classical.choice, Quot.sound]
ℹ [3531/3546] Built Row12GaussGauge.Pullback (3.1s)
info: Row12GaussGauge/Pullback.lean:164:0: 'Row12GaussGauge.gaugeK1_sq' depends on axioms: [propext, Classical.choice, Quot.sound]
info: Row12GaussGauge/Pullback.lean:165:0: 'Row12GaussGauge.gaugeK2_sq' depends on axioms: [propext, Classical.choice, Quot.sound]
info: Row12GaussGauge/Pullback.lean:166:0: 'Row12GaussGauge.gaugeP1_product' depends on axioms: [propext, Classical.choice, Quot.sound]
info: Row12GaussGauge/Pullback.lean:167:0: 'Row12GaussGauge.gaugeP2_product' depends on axioms: [propext, Classical.choice, Quot.sound]
info: Row12GaussGauge/Pullback.lean:168:0: 'Row12GaussGauge.gaugeP1_pullback_first' depends on axioms: [propext, Classical.choice, Quot.sound]
info: Row12GaussGauge/Pullback.lean:169:0: 'Row12GaussGauge.gaugeP2_pullback_first' depends on axioms: [propext, Classical.choice, Quot.sound]
info: Row12GaussGauge/Pullback.lean:170:0: 'Row12GaussGauge.gaugeP1_pullback_constant' depends on axioms: [propext, Classical.choice, Quot.sound]
info: Row12GaussGauge/Pullback.lean:171:0: 'Row12GaussGauge.gaugeP2_pullback_constant' depends on axioms: [propext, Classical.choice, Quot.sound]
info: Row12GaussGauge/Pullback.lean:172:0: 'Row12GaussGauge.gaugeY1_hasDerivAt' depends on axioms: [propext, Classical.choice, Quot.sound]
info: Row12GaussGauge/Pullback.lean:173:0: 'Row12GaussGauge.gaugeY2_hasDerivAt' depends on axioms: [propext, Classical.choice, Quot.sound]
info: Row12GaussGauge/Pullback.lean:174:0: 'Row12GaussGauge.gaugeY1_second_deriv' depends on axioms: [propext, Classical.choice, Quot.sound]
info: Row12GaussGauge/Pullback.lean:175:0: 'Row12GaussGauge.gaugeY2_second_deriv' depends on axioms: [propext, Classical.choice, Quot.sound]
info: Row12GaussGauge/Pullback.lean:176:0: 'Row12GaussGauge.theta_second_eq' depends on axioms: [propext, Classical.choice, Quot.sound]
info: Row12GaussGauge/Pullback.lean:177:0: 'Row12GaussGauge.gaugeY1_equation' depends on axioms: [propext, Classical.choice, Quot.sound]
info: Row12GaussGauge/Pullback.lean:178:0: 'Row12GaussGauge.gaugeY2_equation' depends on axioms: [propext, Classical.choice, Quot.sound]
ℹ [3532/3546] Built Row12EulerSupport.Wronskian (2.9s)
info: Row12EulerSupport/Wronskian.lean:170:0: 'Row12EulerSupport.gaussScaledWronskian_hasDerivAt_zero' depends on axioms: [propext, Classical.choice, Quot.sound]
info: Row12EulerSupport/Wronskian.lean:171:0: 'Row12EulerSupport.gaussScaledWronskian_eq' depends on axioms: [propext, Classical.choice, Quot.sound]
info: Row12EulerSupport/Wronskian.lean:172:0: 'Row12EulerSupport.gaussScaledWronskian_eq_of_limit' depends on axioms: [propext, Classical.choice, Quot.sound]
info: Row12EulerSupport/Wronskian.lean:173:0: 'Row12EulerSupport.gaussScaledWronskian_tendsto_of_endpoints' depends on axioms: [propext, Classical.choice, Quot.sound]
info: Row12EulerSupport/Wronskian.lean:174:0: 'Row12EulerSupport.gaussReflected_hasDerivAt' depends on axioms: [propext, Classical.choice, Quot.sound]
info: Row12EulerSupport/Wronskian.lean:175:0: 'Row12EulerSupport.gaussNativeWronskian_eq_scaled' depends on axioms: [propext, Classical.choice, Quot.sound]
info: Row12EulerSupport/Wronskian.lean:176:0: 'Row12EulerSupport.gaussScaledWronskian_tendsto' depends on axioms: [propext, Classical.choice, Quot.sound]
info: Row12EulerSupport/Wronskian.lean:177:0: 'Row12EulerSupport.gaussScaledWronskian_normalized' depends on axioms: [propext, Classical.choice, Quot.sound]
info: Row12EulerSupport/Wronskian.lean:178:0: 'Row12EulerSupport.gaussWronskian_normalized' depends on axioms: [propext, Classical.choice, Quot.sound]
info: Row12EulerSupport/Wronskian.lean:179:0: 'Row12EulerSupport.gaussNativeWronskian' depends on axioms: [propext, Classical.choice, Quot.sound]
ℹ [3533/3546] Built Row12.SixthSeries (24s)
info: Row12/SixthSeries.lean:305:0: 'Row12.coefficient3_sq_succ_mul' depends on axioms: [propext, Classical.choice, Quot.sound]
info: Row12/SixthSeries.lean:306:0: 'Row12.sixthPolynomial_expansion' depends on axioms: [propext, Classical.choice, Quot.sound]
info: Row12/SixthSeries.lean:307:0: 'Row12.squaredNativeEuler_sixth' depends on axioms: [propext, Classical.choice, Quot.sound]
info: Row12/SixthSeries.lean:308:0: 'Row12.squaredNativeThetaIterate_eq' depends on axioms: [propext, Classical.choice, Quot.sound]
info: Row12/SixthSeries.lean:309:0: 'Row12.squaredNative_actualSixthODE' depends on axioms: [propext, Classical.choice, Quot.sound]
info: Row12/SixthSeries.lean:310:0: 'Row12.sixthShift_eventually_congr' depends on axioms: [propext, Classical.choice, Quot.sound]
info: Row12/SixthSeries.lean:311:0: 'Row12.sixthShift_combination' depends on axioms: [propext, Classical.choice, Quot.sound]
info: Row12/SixthSeries.lean:312:0: 'Row12.squaredNativeSixthShift_expansion' depends on axioms: [propext, Classical.choice, Quot.sound]
info: Row12/SixthSeries.lean:313:0: 'Row12.squaredNative_factoredSixthODE' depends on axioms: [propext, Classical.choice, Quot.sound]
info: Row12/SixthSeries.lean:314:0: 'Row12.sixth_cyclic_frame' depends on axioms: [propext, Classical.choice, Quot.sound]
info: Row12/SixthSeries.lean:315:0: 'Row12.sixth_cyclic_inverse_left' depends on axioms: [propext, Classical.choice, Quot.sound]
info: Row12/SixthSeries.lean:316:0: 'Row12.sixth_cyclic_inverse_right' depends on axioms: [propext, Classical.choice, Quot.sound]
info: Row12/SixthSeries.lean:317:0: 'Row12.sixth_state_companion' depends on axioms: [propext, Classical.choice, Quot.sound]
info: Row12/SixthSeries.lean:318:0: 'Row12.sixth_state_analyticAt' depends on axioms: [propext, Classical.choice, Quot.sound]
info: Row12/SixthSeries.lean:319:0: 'Row12.sixth_inverse_frame' depends on axioms: [propext, Classical.choice, Quot.sound]
info: Row12/SixthSeries.lean:320:0: 'Row12.sixth_normal_state_equation' depends on axioms: [propext, Classical.choice, Quot.sound]
ℹ [3534/3546] Built Row12.BetaPoles (3.1s)
info: Row12/BetaPoles.lean:119:0: 'Row12.scalar_discriminant' depends on axioms: [propext, Classical.choice, Quot.sound]
info: Row12/BetaPoles.lean:120:0: 'Row12.scalarMid_pos' depends on axioms: [propext, Classical.choice, Quot.sound]
info: Row12/BetaPoles.lean:121:0: 'Row12.scalarEll_neg' depends on axioms: [propext, Classical.choice, Quot.sound]
info: Row12/BetaPoles.lean:122:0: 'Row12.scalarM_pos' depends on axioms: [propext, Classical.choice, Quot.sound]
info: Row12/BetaPoles.lean:123:0: 'Row12.scalarLambda_pos' depends on axioms: [propext, Classical.choice, Quot.sound]
info: Row12/BetaPoles.lean:124:0: 'Row12.scalarPathX_mem' depends on axioms: [propext, Classical.choice, Quot.sound]
info: Row12/BetaPoles.lean:125:0: 'Row12.scalar_poles_product' depends on axioms: [propext, Classical.choice, Quot.sound]
info: Row12/BetaPoles.lean:126:0: 'Row12.scalarPoleMinus_gt_radius' depends on axioms: [propext, Classical.choice, Quot.sound]
info: Row12/BetaPoles.lean:127:0: 'Row12.scalarPolePlus_pos_lt_radius' depends on axioms: [propext, Classical.choice, Quot.sound]
info: Row12/BetaPoles.lean:128:0: 'Row12.scalar_contact_poles' depends on axioms: [propext, Classical.choice, Quot.sound]
info: Row12/BetaPoles.lean:129:0: 'Row12.scalar_positive_contact_matrix' depends on axioms: [propext, Classical.choice, Quot.sound]
✔ [3536/3568] Built Row12GaussGauge.HBridge (4.9s)
ℹ [3537/3568] Built Row12GaussGauge.GaugeODE (2.2s)
info: Row12GaussGauge/GaugeODE.lean:45:0: 'Row12GaussGauge.gaugeW_zero' depends on axioms: [propext, Classical.choice, Quot.sound]
info: Row12GaussGauge/GaugeODE.lean:46:0: 'Row12GaussGauge.gaugeW_analyticAt_zero' depends on axioms: [propext, Classical.choice, Quot.sound]
info: Row12GaussGauge/GaugeODE.lean:47:0: 'Row12GaussGauge.gaugeW_analyticAt' depends on axioms: [propext, Classical.choice, Quot.sound]
info: Row12GaussGauge/GaugeODE.lean:48:0: 'Row12GaussGauge.gaugeW_equation' depends on axioms: [propext, Classical.choice, Quot.sound]
info: Row12GaussGauge/GaugeODE.lean:49:0: 'Row12GaussGauge.gaugeY2_equation_eventually' depends on axioms: [propext, Classical.choice, Quot.sound]
info: Row12GaussGauge/GaugeODE.lean:50:0: 'Row12GaussGauge.gaugeW_equation_eventually' depends on axioms: [propext, Classical.choice, Quot.sound]
ℹ [3538/3568] Built Row12.BetaFrame (6.7s)
info: Row12/BetaFrame.lean:330:0: 'Row12.betaFrame_real_agreement' depends on axioms: [propext, Classical.choice, Quot.sound]
info: Row12/BetaFrame.lean:331:0: 'Row12.betaFrameMid_hasDerivAt' depends on axioms: [propext, Classical.choice, Quot.sound]
info: Row12/BetaFrame.lean:332:0: 'Row12.betaFrameEll_hasDerivAt' depends on axioms: [propext, Classical.choice, Quot.sound]
info: Row12/BetaFrame.lean:333:0: 'Row12.betaFrameX_hasDerivAt' depends on axioms: [propext, Classical.choice, Quot.sound]
info: Row12/BetaFrame.lean:334:0: 'Row12.betaFrameLambda_path_hasDerivAt' depends on axioms: [propext, Classical.choice, Quot.sound]
info: Row12/BetaFrame.lean:335:0: 'Row12.betaFrameF_hasDerivAt_x' depends on axioms: [propext, Classical.choice, Quot.sound]
info: Row12/BetaFrame.lean:336:0: 'Row12.scalarBetaU_frozen_recipe' depends on axioms: [propext, Classical.choice, Quot.sound]
info: Row12/BetaFrame.lean:337:0: 'Row12.betaFrameB_hasDerivAt_U' depends on axioms: [propext, Classical.choice, Quot.sound]
info: Row12/BetaFrame.lean:338:0: 'Row12.betaFrameB_hasDerivAt_s' depends on axioms: [propext, Classical.choice, Quot.sound]
info: Row12/BetaFrame.lean:339:0: 'Row12.betaFrameLP_differentiableAt' depends on axioms: [propext, Classical.choice, Quot.sound]
info: Row12/BetaFrame.lean:340:0: 'Row12.betaFrameRP_differentiableAt' depends on axioms: [propext, Classical.choice, Quot.sound]
info: Row12/BetaFrame.lean:341:0: 'Row12.scalarBetaSChart_differentiableAt_x' depends on axioms: [propext, Classical.choice, Quot.sound]
info: Row12/BetaFrame.lean:342:0: 'Row12.scalarBetaSFull_entry_hasDerivAt_U' depends on axioms: [propext, Classical.choice, Quot.sound]
info: Row12/BetaFrame.lean:343:0: 'Row12.scalarBetaU_entry_hasDerivAt_s' depends on axioms: [propext, Classical.choice, Quot.sound]
info: Row12/BetaFrame.lean:344:0: 'Row12.scalarBetaSFull_pair_factor' depends on axioms: [propext, Classical.choice, Quot.sound]
info: Row12/BetaFrame.lean:345:0: 'Row12.scalarBetaSFull_pair_hasDerivAt_U' depends on axioms: [propext, Classical.choice, Quot.sound]
info: Row12/BetaFrame.lean:346:0: 'Row12.scalarBetaU_pair_hasDerivAt_s' depends on axioms: [propext, Classical.choice, Quot.sound]
info: Row12/BetaFrame.lean:347:0: 'Row12.scalarBetaSource_pair_identity' depends on axioms: [propext, Classical.choice, Quot.sound]
ℹ [3540/3568] Built Row12.AngularNormalForm (16s)
info: Row12/AngularNormalForm.lean:333:0: 'Row12.angular_nf_parameter_entry_hasDerivAt' depends on axioms: [propext, Classical.choice, Quot.sound]
info: Row12/AngularNormalForm.lean:334:0: 'Row12.angular_nf_primitive_entry_hasDerivAt' depends on axioms: [propext, Classical.choice, Quot.sound]
info: Row12/AngularNormalForm.lean:335:0: 'Row12.angular_nf_anchor' depends on axioms: [propext, Classical.choice, Quot.sound]
info: Row12/AngularNormalForm.lean:336:0: 'Row12.angular_nf_euler_action' depends on axioms: [propext, Classical.choice, Quot.sound]
info: Row12/AngularNormalForm.lean:337:0: 'Row12.angular_tensor_pair_add' depends on axioms: [propext, Classical.choice, Quot.sound]
info: Row12/AngularNormalForm.lean:338:0: 'Row12.angular_tensor_pair_smul' depends on axioms: [propext, Classical.choice, Quot.sound]
info: Row12/AngularNormalForm.lean:339:0: 'Row12.angular_tensor_pair_left' depends on axioms: [propext, Classical.choice, Quot.sound]
info: Row12/AngularNormalForm.lean:340:0: 'Row12.angular_tensor_pair_right' depends on axioms: [propext, Classical.choice, Quot.sound]
info: Row12/AngularNormalForm.lean:341:0: 'Row12.angular_tensor_pair_hasDerivAt' depends on axioms: [propext, Classical.choice, Quot.sound]
info: Row12/AngularNormalForm.lean:342:0: 'Row12.angular_nf_integrand_formula' depends on axioms: [propext, Classical.choice, Quot.sound]
info: Row12/AngularNormalForm.lean:343:0: 'Row12.angular_native_second_s_hasDerivAt' depends on axioms: [propext, Classical.choice, Quot.sound]
info: Row12/AngularNormalForm.lean:344:0: 'Row12.angular_native_second_parameter_hasDerivAt' depends on axioms: [propext, Classical.choice, Quot.sound]
info: Row12/AngularNormalForm.lean:345:0: 'Row12.angular_tensor_pair_s_action' depends on axioms: [propext, Classical.choice, Quot.sound]
info: Row12/AngularNormalForm.lean:346:0: 'Row12.angular_native_pair_s_hasDerivAt' depends on axioms: [propext, Classical.choice, Quot.sound]
info: Row12/AngularNormalForm.lean:347:0: 'Row12.angular_nf_primitive_hasDerivAt' depends on axioms: [propext, Classical.choice, Quot.sound]
info: Row12/AngularNormalForm.lean:348:0: 'Row12.angular_nf_integrand_parameter_hasDerivAt' depends on axioms: [propext, Classical.choice, Quot.sound]
info: Row12/AngularNormalForm.lean:349:0: 'Row12.angular_nf_actual_euler_action' depends on axioms: [propext, Classical.choice, Quot.sound]
info: Row12/AngularNormalForm.lean:350:0: 'Row12.angular_anchor_primitive_hasDerivAt' depends on axioms: [propext, Classical.choice, Quot.sound]
info: Row12/AngularNormalForm.lean:351:0: 'Row12.angular_nf_actual_anchor' depends on axioms: [propext, Classical.choice, Quot.sound]
info: Row12/AngularNormalForm.lean:352:0: 'Row12.angular_six_integrands_formula' depends on axioms: [propext, Classical.choice, Quot.sound]
info: Row12/AngularNormalForm.lean:353:0: 'Row12.angular_nf_integrand_linear' depends on axioms: [propext, Classical.choice, Quot.sound]
info: Row12/AngularNormalForm.lean:354:0: 'Row12.angular_cyclic_row_action' depends on axioms: [propext, Classical.choice, Quot.sound]
info: Row12/AngularNormalForm.lean:355:0: 'Row12.angular_nf_actual_cyclic_action' depends on axioms: [propext, Classical.choice, Quot.sound]
ℹ [3541/3568] Built Row12.ScalarLoaded (2.1s)
info: Row12/ScalarLoaded.lean:66:0: 'Row12.scalarComplexLoaded_cast' depends on axioms: [propext, Classical.choice, Quot.sound]
info: Row12/ScalarLoaded.lean:67:0: 'Row12.scalarIntegrand_path_bounds' depends on axioms: [propext, Classical.choice, Quot.sound]
info: Row12/ScalarLoaded.lean:68:0: 'Row12.scalarComplexLoaded_analyticAt' depends on axioms: [propext, Classical.choice, Quot.sound]
info: Row12/ScalarLoaded.lean:69:0: 'Row12.scalarIntegrand_continuousOn' depends on axioms: [propext, Classical.choice, Quot.sound]
info: Row12/ScalarLoaded.lean:70:0: 'Row12.scalarIntegrand_intervalIntegrable' depends on axioms: [propext, Classical.choice, Quot.sound]
ℹ [3542/3568] Built Row12.EscapeRemovable (2.4s)
info: Row12/EscapeRemovable.lean:85:0: 'Row12.negativePole_derivative_leading' depends on axioms: [propext, Classical.choice, Quot.sound]
info: Row12/EscapeRemovable.lean:86:0: 'Row12.negativePole_derivative_no_finite_limit' depends on axioms: [propext, Classical.choice, Quot.sound]
info: Row12/EscapeRemovable.lean:87:0: 'Row12.finitePoleTwo_removable' depends on axioms: [propext, Classical.choice, Quot.sound]
ℹ [3543/3569] Built Row12GaussGauge.Transformation (2.2s)
info: Row12GaussGauge/Transformation.lean:74:0: 'Row12GaussGauge.gauge_normalized_eq_eventually' depends on axioms: [propext, Classical.choice, Quot.sound]
info: Row12GaussGauge/Transformation.lean:75:0: 'Row12GaussGauge.gauge_transformation' depends on axioms: [propext, Classical.choice, Quot.sound]
info: Row12GaussGauge/Transformation.lean:76:0: 'Row12GaussGauge.gauge_transformation_eventually' depends on axioms: [propext, Classical.choice, Quot.sound]
info: Row12GaussGauge/Transformation.lean:77:0: 'Row12GaussGauge.gauge_transformation_derivative' depends on axioms: [propext, Classical.choice, Quot.sound]
info: Row12GaussGauge/Transformation.lean:78:0: 'Row12GaussGauge.signed_gauss_transformation' depends on axioms: [propext, Classical.choice, Quot.sound]
info: Row12GaussGauge/Transformation.lean:79:0: 'Row12GaussGauge.signed_gauss_transformation_derivative' depends on axioms: [propext, Classical.choice, Quot.sound]
ℹ [3544/3570] Built Row12.BetaPoleResidue (3.6s)
info: Row12/BetaPoleResidue.lean:98:0: 'Row12.scalar_beta_pole_factor' depends on axioms: [propext, Classical.choice, Quot.sound]
info: Row12/BetaPoleResidue.lean:99:0: 'Row12.twoPole_partialFraction' depends on axioms: [propext, Classical.choice, Quot.sound]
info: Row12/BetaPoleResidue.lean:100:0: 'Row12.scalar_beta_contact_residue' depends on axioms: [propext, Classical.choice, Quot.sound]
info: Row12/BetaPoleResidue.lean:101:0: 'Row12.scalar_beta_partialFractions' depends on axioms: [propext, Classical.choice, Quot.sound]
ℹ [3546/3570] Built Row12.OuterPrimitive (46s)
info: Row12/OuterPrimitive.lean:307:0: 'Row12.outer_selected_row_eq' depends on axioms: [propext, Classical.choice, Quot.sound]
info: Row12/OuterPrimitive.lean:308:0: 'Row12.outer_selected_row_literal' depends on axioms: [propext, Classical.choice, Quot.sound]
info: Row12/OuterPrimitive.lean:309:0: 'Row12.outerInversePower_hasDerivAt' depends on axioms: [propext, Classical.choice, Quot.sound]
info: Row12/OuterPrimitive.lean:310:0: 'Row12.outerAffineInversePower_hasDerivAt' depends on axioms: [propext, Classical.choice, Quot.sound]
info: Row12/OuterPrimitive.lean:311:0: 'Row12.outer_basis_hasDerivAt' depends on axioms: [propext, Classical.choice, Quot.sound]
info: Row12/OuterPrimitive.lean:312:0: 'Row12.outer_primitive_hasDerivAt' depends on axioms: [propext, Classical.choice, Quot.sound]
info: Row12/OuterPrimitive.lean:313:0: 'Row12.outer_rational_row_identity' depends on axioms: [propext, Classical.choice, Quot.sound]
info: Row12/OuterPrimitive.lean:314:0: 'Row12.outer_rational_connection_identity' depends on axioms: [propext, Classical.choice, Quot.sound]
info: Row12/OuterPrimitive.lean:315:0: 'Row12.outer_lambda_ne_zero' depends on axioms: [propext, Classical.choice, Quot.sound]
info: Row12/OuterPrimitive.lean:316:0: 'Row12.outer_lambda_path_hasDerivAt' depends on axioms: [propext, Classical.choice, Quot.sound]
info: Row12/OuterPrimitive.lean:317:0: 'Row12.outer_normal_state_hasDerivAt' depends on axioms: [propext, Classical.choice, Quot.sound]
info: Row12/OuterPrimitive.lean:318:0: 'Row12.outer_selected_pairing' depends on axioms: [propext, Classical.choice, Quot.sound]
info: Row12/OuterPrimitive.lean:319:0: 'Row12.outer_rational_pairing_identity' depends on axioms: [propext, Classical.choice, Quot.sound]
info: Row12/OuterPrimitive.lean:320:0: 'Row12.outer_primitive_flux_hasDerivAt' depends on axioms: [propext, Classical.choice, Quot.sound]
info: Row12/OuterPrimitive.lean:321:0: 'Row12.outer_primitive_flux_deriv' depends on axioms: [propext, Classical.choice, Quot.sound]
ℹ [3547/3570] Built Row12.AngularContour (15s)
info: Row12/AngularContour.lean:303:0: 'Row12.nativeState_entry_analyticAt' depends on axioms: [propext, Classical.choice, Quot.sound]
info: Row12/AngularContour.lean:304:0: 'Row12.nativeEuler_complex_analyticAt' depends on axioms: [propext, Classical.choice, Quot.sound]
info: Row12/AngularContour.lean:305:0: 'Row12.angular_tensor_pair_continuousWithinAt' depends on axioms: [propext, Classical.choice, Quot.sound]
info: Row12/AngularContour.lean:306:0: 'Row12.angular_nf_continuousOn' depends on axioms: [propext, Classical.choice, Quot.sound]
info: Row12/AngularContour.lean:307:0: 'Row12.angular_nf_parameter_continuousOn' depends on axioms: [propext, Classical.choice, Quot.sound]
info: Row12/AngularContour.lean:308:0: 'Row12.angular_circle_domain' depends on axioms: [propext, Classical.choice, Quot.sound]
info: Row12/AngularContour.lean:309:0: 'Row12.angular_nf_circleIntegrable' depends on axioms: [propext, Classical.choice, Quot.sound]
info: Row12/AngularContour.lean:310:0: 'Row12.angular_nf_integral_anchor' depends on axioms: [propext, Classical.choice, Quot.sound]
info: Row12/AngularContour.lean:311:0: 'Row12.angular_parameter_closedBall' depends on axioms: [propext, Classical.choice, Quot.sound]
info: Row12/AngularContour.lean:312:0: 'Row12.angular_nf_integral_hasDerivAt' depends on axioms: [propext, Classical.choice, Quot.sound]
ℹ [3548/3570] Built Row12GaussGauge.Contact (2.8s)
info: Row12GaussGauge/Contact.lean:65:0: 'Row12GaussGauge.gauss_contact_value' depends on axioms: [propext, Classical.choice, Quot.sound]
info: Row12GaussGauge/Contact.lean:66:0: 'Row12GaussGauge.gauss_complement_hasDerivAt_contact' depends on axioms: [propext, Classical.choice, Quot.sound]
info: Row12GaussGauge/Contact.lean:67:0: 'Row12GaussGauge.gauss_complement_nativeTheta_contact' depends on axioms: [propext, Classical.choice, Quot.sound]
info: Row12GaussGauge/Contact.lean:68:0: 'Row12GaussGauge.gauss_contact_nativeTheta' depends on axioms: [propext, Classical.choice, Quot.sound]
ℹ [3549/3571] Built Row12EulerSupport.UpperNativeBound (2.8s)
info: Row12EulerSupport/UpperNativeBound.lean:141:0: 'Row12EulerSupport.upperNativeEuler_deriv_zero' depends on axioms: [propext, Classical.choice, Quot.sound]
info: Row12EulerSupport/UpperNativeBound.lean:142:0: 'Row12EulerSupport.upperDualState_zero' depends on axioms: [propext, Classical.choice, Quot.sound]
info: Row12EulerSupport/UpperNativeBound.lean:143:0: 'Row12EulerSupport.upperDualState_hasDerivAt_zero' depends on axioms: [propext, Classical.choice, Quot.sound]
info: Row12EulerSupport/UpperNativeBound.lean:144:0: 'Row12EulerSupport.upperDualState_analyticAt_zero' depends on axioms: [propext, Classical.choice, Quot.sound]
info: Row12EulerSupport/UpperNativeBound.lean:145:0: 'Row12EulerSupport.upperDualState_isBigO_sq' depends on axioms: [propext, Classical.choice, Quot.sound]
info: Row12EulerSupport/UpperNativeBound.lean:146:0: 'Row12EulerSupport.upperDualState_quadratic_bound' depends on axioms: [propext, Classical.choice, Quot.sound]
ℹ [3550/3571] Built Row12EulerSupport.UpperPoleBound (2.8s)
info: Row12EulerSupport/UpperPoleBound.lean:136:0: 'Row12EulerSupport.upper_scalarMid_lower' depends on axioms: [propext, Classical.choice, Quot.sound]
info: Row12EulerSupport/UpperPoleBound.lean:137:0: 'Row12EulerSupport.upper_radius_le_quarter' depends on axioms: [propext, Classical.choice, Quot.sound]
info: Row12EulerSupport/UpperPoleBound.lean:138:0: 'Row12EulerSupport.upper_scalarDenom_lower' depends on axioms: [propext, Classical.choice, Quot.sound]
info: Row12EulerSupport/UpperPoleBound.lean:139:0: 'Row12EulerSupport.upper_lambda_norm' depends on axioms: [propext, Classical.choice, Quot.sound]
info: Row12EulerSupport/UpperPoleBound.lean:140:0: 'Row12EulerSupport.upper_circle_nonzero' depends on axioms: [propext, Classical.choice, Quot.sound]
info: Row12EulerSupport/UpperPoleBound.lean:141:0: 'Row12EulerSupport.upper_betaFrameF_lower' depends on axioms: [propext, Classical.choice, Quot.sound]
info: Row12EulerSupport/UpperPoleBound.lean:142:0: 'Row12EulerSupport.upper_betaFrameF_nonzero' depends on axioms: [propext, Classical.choice, Quot.sound]
info: Row12EulerSupport/UpperPoleBound.lean:143:0: 'Row12EulerSupport.upper_betaFrameDenom_lower' depends on axioms: [propext, Classical.choice, Quot.sound]
info: Row12EulerSupport/UpperPoleBound.lean:144:0: 'Row12EulerSupport.upper_betaFrameDenom_nonzero' depends on axioms: [propext, Classical.choice, Quot.sound]
info: Row12EulerSupport/UpperPoleBound.lean:145:0: 'Row12EulerSupport.upper_balanced_argument_norm' depends on axioms: [propext, Classical.choice, Quot.sound]
info: Row12EulerSupport/UpperPoleBound.lean:146:0: 'Row12EulerSupport.upper_betaFrame_denominator_lower' depends on axioms: [propext, Classical.choice, Quot.sound]
info: Row12EulerSupport/UpperPoleBound.lean:147:0: 'Row12EulerSupport.upper_betaFrame_denominator_nonzero' depends on axioms: [propext, Classical.choice, Quot.sound]
ℹ [3552/3576] Built Row12.MovingPoleContour (2.2s)
info: Row12/MovingPoleContour.lean:79:0: 'Row12.singlePole_annulus_integral' depends on axioms: [propext, Classical.choice, Quot.sound]
ℹ [3553/3576] Built Row12.OuterEndpointApplication (13s)
info: Row12/OuterEndpointApplication.lean:434:0: 'Row12.outer_primitive_flux_zero' depends on axioms: [propext, Classical.choice, Quot.sound]
info: Row12/OuterEndpointApplication.lean:435:0: 'Row12.outer_primitive_flux_continuousAt_zero' depends on axioms: [propext, Classical.choice, Quot.sound]
info: Row12/OuterEndpointApplication.lean:436:0: 'Row12.outer_primitive_flux_tendsto_zero' depends on axioms: [propext, Classical.choice, Quot.sound]
info: Row12/OuterEndpointApplication.lean:437:0: 'Row12.outer_endpoint_coefficient3_one' depends on axioms: [propext, Classical.choice, Quot.sound]
info: Row12/OuterEndpointApplication.lean:438:0: 'Row12.outer_endpoint_tail_majorant_summable' depends on axioms: [propext, Classical.choice, Quot.sound]
info: Row12/OuterEndpointApplication.lean:439:0: 'Row12.outer_endpoint_tail_radius' depends on axioms: [propext, Classical.choice, Quot.sound]
info: Row12/OuterEndpointApplication.lean:440:0: 'Row12.outer_endpoint_tail_series_sum' depends on axioms: [propext, Classical.choice, Quot.sound]
info: Row12/OuterEndpointApplication.lean:441:0: 'Row12.outer_endpoint_tail_analyticAt_zero' depends on axioms: [propext, Classical.choice, Quot.sound]
info: Row12/OuterEndpointApplication.lean:442:0: 'Row12.squared_native_euler_two_term' depends on axioms: [propext, Classical.choice, Quot.sound]
info: Row12/OuterEndpointApplication.lean:443:0: 'Row12.outer_endpoint_state0_inverse' depends on axioms: [propext, Classical.choice, Quot.sound]
info: Row12/OuterEndpointApplication.lean:444:0: 'Row12.outer_endpoint_state1_inverse' depends on axioms: [propext, Classical.choice, Quot.sound]
info: Row12/OuterEndpointApplication.lean:445:0: 'Row12.sixth_state_two_term' depends on axioms: [propext, Classical.choice, Quot.sound]
info: Row12/OuterEndpointApplication.lean:446:0: 'Row12.sixth_normal_state_two_term' depends on axioms: [propext, Classical.choice, Quot.sound]
info: Row12/OuterEndpointApplication.lean:447:0: 'Row12.sixth_normal_state_lambda_expansion' depends on axioms: [propext, Classical.choice, Quot.sound]
info: Row12/OuterEndpointApplication.lean:448:0: 'Row12.outer_endpoint_lambda_tendsto_zero' depends on axioms: [propext, Classical.choice, Quot.sound]
info: Row12/OuterEndpointApplication.lean:449:0: 'Row12.outer_endpoint_remainder_continuousAt_zero' depends on axioms: [propext, Classical.choice, Quot.sound]
info: Row12/OuterEndpointApplication.lean:451:0: 'Row12.outer_endpoint_row_decomposition' depends on axioms: [propext, Classical.choice, Quot.sound]
info: Row12/OuterEndpointApplication.lean:452:0: 'Row12.outer_endpoint_regular_basis_continuousAt_zero' depends on axioms: [propext, Classical.choice, Quot.sound]
info: Row12/OuterEndpointApplication.lean:453:0: 'Row12.outer_endpoint_regular_row_continuousAt_zero' depends on axioms: [propext, Classical.choice, Quot.sound]
info: Row12/OuterEndpointApplication.lean:454:0: 'Row12.outer_endpoint_pole_rows' depends on axioms: [propext, Classical.choice, Quot.sound]
info: Row12/OuterEndpointApplication.lean:455:0: 'Row12.outer_endpoint_regular_zero' depends on axioms: [propext, Classical.choice, Quot.sound]
info: Row12/OuterEndpointApplication.lean:456:0: 'Row12.outer_endpoint_map_dot' depends on axioms: [propext, Classical.choice, Quot.sound]
info: Row12/OuterEndpointApplication.lean:457:0: 'Row12.outer_endpoint_pole_cancellations' depends on axioms: [propext, Classical.choice, Quot.sound]
info: Row12/OuterEndpointApplication.lean:458:0: 'Row12.outer_endpoint_scaled_row_eq' depends on axioms: [propext, Classical.choice, Quot.sound]
info: Row12/OuterEndpointApplication.lean:459:0: 'Row12.outer_endpoint_scaled_row_continuousAt_zero' depends on axioms: [propext, Classical.choice, Quot.sound]
info: Row12/OuterEndpointApplication.lean:460:0: 'Row12.outer_endpoint_scaled_row_zero' depends on axioms: [propext, Classical.choice, Quot.sound]
info: Row12/OuterEndpointApplication.lean:462:0: 'Row12.outer_endpoint_row_dot_decomposition' depends on axioms: [propext, Classical.choice, Quot.sound]
info: Row12/OuterEndpointApplication.lean:463:0: 'Row12.outer_endpoint_jet_pairing' depends on axioms: [propext, Classical.choice, Quot.sound]
info: Row12/OuterEndpointApplication.lean:464:0: 'Row12.outer_endpoint_actual_pairing_eq' depends on axioms: [propext, Classical.choice, Quot.sound]
info: Row12/OuterEndpointApplication.lean:465:0: 'Row12.outer_endpoint_regular_dot_continuousAt_zero' depends on axioms: [propext, Classical.choice, Quot.sound]
info: Row12/OuterEndpointApplication.lean:466:0: 'Row12.outer_endpoint_remainder_pair_continuousAt_zero' depends on axioms: [propext, Classical.choice, Quot.sound]
info: Row12/OuterEndpointApplication.lean:467:0: 'Row12.outer_endpoint_regularized_pair_continuousAt_zero' depends on axioms: [propext, Classical.choice, Quot.sound]
info: Row12/OuterEndpointApplication.lean:468:0: 'Row12.outer_endpoint_regularized_pair_zero' depends on axioms: [propext, Classical.choice, Quot.sound]
info: Row12/OuterEndpointApplication.lean:470:0: 'Row12.outer_endpoint_scaled_row_tendsto_zero' depends on axioms: [propext, Classical.choice, Quot.sound]
info: Row12/OuterEndpointApplication.lean:471:0: 'Row12.outer_endpoint_path_tendsto_zero' depends on axioms: [propext, Classical.choice, Quot.sound]
info: Row12/OuterEndpointApplication.lean:472:0: 'Row12.outer_primitive_flux_upperEndpoint' depends on axioms: [propext, Classical.choice, Quot.sound]
info: Row12/OuterEndpointApplication.lean:473:0: 'Row12.outer_primitive_flux_tendsto_zero_right' depends on axioms: [propext, Classical.choice, Quot.sound]
ℹ [3554/3576] Built Row12.FixedInnerEndpoint (4.0s)
info: Row12/FixedInnerEndpoint.lean:153:0: 'Row12.fixedCircleIntegral_tendsto_of_continuousOn' depends on axioms: [propext, Classical.choice, Quot.sound]
info: Row12/FixedInnerEndpoint.lean:154:0: 'Row12.fixedInner_at_zero' depends on axioms: [propext, Classical.choice, Quot.sound]
info: Row12/FixedInnerEndpoint.lean:155:0: 'Row12.fixedInner_circle_domain' depends on axioms: [propext, Classical.choice, Quot.sound]
info: Row12/FixedInnerEndpoint.lean:156:0: 'Row12.fixedInner_H_continuous' depends on axioms: [propext, Classical.choice, Quot.sound]
info: Row12/FixedInnerEndpoint.lean:157:0: 'Row12.fixedInner_B_continuousAt' depends on axioms: [propext, Classical.choice, Quot.sound]
info: Row12/FixedInnerEndpoint.lean:158:0: 'Row12.fixedInner_dual_entry_continuousAt' depends on axioms: [propext, Classical.choice, Quot.sound]
info: Row12/FixedInnerEndpoint.lean:159:0: 'Row12.fixedInner_beta_entry_continuousAt' depends on axioms: [propext, Classical.choice, Quot.sound]
info: Row12/FixedInnerEndpoint.lean:160:0: 'Row12.fixedInner_integrand_continuousAt' depends on axioms: [propext, Classical.choice, Quot.sound]
info: Row12/FixedInnerEndpoint.lean:161:0: 'Row12.fixedInner_regular_tube' depends on axioms: [propext, Classical.choice, Quot.sound]
info: Row12/FixedInnerEndpoint.lean:162:0: 'Row12.fixedInner_integrand_zero' depends on axioms: [propext, Classical.choice, Quot.sound]
info: Row12/FixedInnerEndpoint.lean:163:0: 'Row12.fixedInner_circleIntegral_tendsto_zero' depends on axioms: [propext, Classical.choice, Quot.sound]
info: Row12/FixedInnerEndpoint.lean:164:0: 'Row12.fixedInnerFlux_tendsto_zero' depends on axioms: [propext, Classical.choice, Quot.sound]
ℹ [3555/3576] Built Row12.AngularContourFrame (2.5s)
info: Row12/AngularContourFrame.lean:81:0: 'Row12.angular_nf_integral_linear' depends on axioms: [propext, Classical.choice, Quot.sound]
info: Row12/AngularContourFrame.lean:82:0: 'Row12.angular_nf_integral_cyclic' depends on axioms: [propext, Classical.choice, Quot.sound]
info: Row12/AngularContourFrame.lean:83:0: 'Row12.angular_contour_cyclic_frame' depends on axioms: [propext, Classical.choice, Quot.sound]
info: Row12/AngularContourFrame.lean:84:0: 'Row12.angular_contour_state_eq_actual' depends on axioms: [propext, Classical.choice, Quot.sound]
info: Row12/AngularContourFrame.lean:85:0: 'Row12.angular_nf_integral_eq_actual' depends on axioms: [propext, Classical.choice, Quot.sound]
ℹ [3556/3576] Built Row12.ActualResidue (2.7s)
info: Row12/ActualResidue.lean:64:0: 'Row12.nativeF_gaussG_eventually' depends on axioms: [propext, Classical.choice, Quot.sound]
info: Row12/ActualResidue.lean:65:0: 'Row12.nativeEuler_one_gaussG' depends on axioms: [propext, Classical.choice, Quot.sound]
info: Row12/ActualResidue.lean:66:0: 'Row12.nativeEuler_two_gaussG' depends on axioms: [propext, Classical.choice, Quot.sound]
info: Row12/ActualResidue.lean:67:0: 'Row12.gaussG_second_contact' depends on axioms: [propext, Classical.choice, Quot.sound]
info: Row12/ActualResidue.lean:68:0: 'Row12.actual_native_contact_residue' depends on axioms: [propext, Classical.choice, Quot.sound]
ℹ [3557/3576] Built Row12EulerSupport.UpperMatrixBound (2.9s)
info: Row12EulerSupport/UpperMatrixBound.lean:182:0: 'Row12EulerSupport.upperBetaNumerator_bound' depends on axioms: [propext, Classical.choice, Quot.sound]
info: Row12EulerSupport/UpperMatrixBound.lean:183:0: 'Row12EulerSupport.upperBetaFullNumerator_bound' depends on axioms: [propext, Classical.choice, Quot.sound]
ℹ [3558/3576] Built Row12EulerSupport.UpperIntegrability (2.2s)
info: Row12EulerSupport/UpperIntegrability.lean:64:0: 'Row12EulerSupport.upperBeta_circleIntegrable' depends on axioms: [propext, Classical.choice, Quot.sound]
ℹ [3559/3576] Built Row12.ComplexRealSeries (3.2s)
info: Row12/ComplexRealSeries.lean:58:0: 'Row12.nativeEuler_ofReal' depends on axioms: [propext, Classical.choice, Quot.sound]
info: Row12/ComplexRealSeries.lean:59:0: 'Row12.nativeState_ofReal' depends on axioms: [propext, Classical.choice, Quot.sound]
info: Row12/ComplexRealSeries.lean:60:0: 'Row12.dualState_ofReal' depends on axioms: [propext, Classical.choice, Quot.sound]
info: Row12/ComplexRealSeries.lean:61:0: 'Row12.complex_contact_pair' depends on axioms: [propext, Classical.choice, Quot.sound]
info: Row12/ComplexRealSeries.lean:62:0: 'Row12.actual_dual_contact_residue' depends on axioms: [propext, Classical.choice, Quot.sound]
ℹ [3560/3576] Built Row12EulerSupport.UpperEndpoint (2.9s)
info: Row12EulerSupport/UpperEndpoint.lean:189:0: 'Row12EulerSupport.upperPathX_complex' depends on axioms: [propext, Classical.choice, Quot.sound]
info: Row12EulerSupport/UpperEndpoint.lean:190:0: 'Row12EulerSupport.upperBetaB_agreement' depends on axioms: [propext, Classical.choice, Quot.sound]
info: Row12EulerSupport/UpperEndpoint.lean:191:0: 'Row12EulerSupport.betaBalanced_formula' depends on axioms: [propext, Classical.choice, Quot.sound]
info: Row12EulerSupport/UpperEndpoint.lean:192:0: 'Row12EulerSupport.upperNormalizedCircle_norm_le' depends on axioms: [propext, Classical.choice, Quot.sound]
info: Row12EulerSupport/UpperEndpoint.lean:193:0: 'Row12EulerSupport.upperBetaPair_norm_le' depends on axioms: [propext, Classical.choice, Quot.sound]
info: Row12EulerSupport/UpperEndpoint.lean:194:0: 'Row12EulerSupport.betaBalanced_circleIntegrable' depends on axioms: [propext, Classical.choice, Quot.sound]
info: Row12EulerSupport/UpperEndpoint.lean:195:0: 'Row12EulerSupport.upperRadius_cancel' depends on axioms: [propext, Classical.choice, Quot.sound]
info: Row12EulerSupport/UpperEndpoint.lean:196:0: 'Row12EulerSupport.betaBalanced_quadratic_bound' depends on axioms: [propext, Classical.choice, Quot.sound]
info: Row12EulerSupport/UpperEndpoint.lean:197:0: 'Row12EulerSupport.betaBalanced_tendsto' depends on axioms: [propext, Classical.choice, Quot.sound]
ℹ [3561/3576] Built Row12.AngularSourceCertificate (87s)
info: Row12/AngularSourceCertificate.lean:3:0: 'Row12.angular_native_pair_s_hasDerivAt' depends on axioms: [propext, Classical.choice, Quot.sound]
info: Row12/AngularSourceCertificate.lean:634:0: 'Row12.angular_source_polynomial_hasDerivAt' depends on axioms: [propext, Classical.choice, Quot.sound]
info: Row12/AngularSourceCertificate.lean:635:0: 'Row12.angular_source_scale_ne_zero' depends on axioms: [propext, Classical.choice, Quot.sound]
info: Row12/AngularSourceCertificate.lean:636:0: 'Row12.angular_source_laurent_hasDerivAt' depends on axioms: [propext, Classical.choice, Quot.sound]
info: Row12/AngularSourceCertificate.lean:637:0: 'Row12.angular_source_primitive_entry_hasDerivAt' depends on axioms: [propext, Classical.choice, Quot.sound]
info: Row12/AngularSourceCertificate.lean:638:0: 'Row12.angular_source_first_connection' depends on axioms: [propext, Classical.choice, Quot.sound]
info: Row12/AngularSourceCertificate.lean:639:0: 'Row12.angular_source_second_connection' depends on axioms: [propext, Classical.choice, Quot.sound]
info: Row12/AngularSourceCertificate.lean:640:0: 'Row12.angular_source_cons_val_five' depends on axioms: [propext]
info: Row12/AngularSourceCertificate.lean:641:0: 'Row12.angular_source_identity_00' depends on axioms: [propext, Classical.choice, Quot.sound]
info: Row12/AngularSourceCertificate.lean:642:0: 'Row12.angular_source_identity_01' depends on axioms: [propext, Classical.choice, Quot.sound]
info: Row12/AngularSourceCertificate.lean:643:0: 'Row12.angular_source_identity_02' depends on axioms: [propext, Classical.choice, Quot.sound]
info: Row12/AngularSourceCertificate.lean:644:0: 'Row12.angular_source_identity_10' depends on axioms: [propext, Classical.choice, Quot.sound]
info: Row12/AngularSourceCertificate.lean:645:0: 'Row12.angular_source_identity_11' depends on axioms: [propext, Classical.choice, Quot.sound]
info: Row12/AngularSourceCertificate.lean:646:0: 'Row12.angular_source_identity_12' depends on axioms: [propext, Classical.choice, Quot.sound]
info: Row12/AngularSourceCertificate.lean:647:0: 'Row12.angular_source_identity_20' depends on axioms: [propext, Classical.choice, Quot.sound]
info: Row12/AngularSourceCertificate.lean:648:0: 'Row12.angular_source_identity_21' depends on axioms: [propext, Classical.choice, Quot.sound]
info: Row12/AngularSourceCertificate.lean:649:0: 'Row12.angular_source_identity_22' depends on axioms: [propext, Classical.choice, Quot.sound]
info: Row12/AngularSourceCertificate.lean:650:0: 'Row12.angular_source_identity' depends on axioms: [propext, Classical.choice, Quot.sound]
info: Row12/AngularSourceCertificate.lean:651:0: 'Row12.angular_source_lambda_ne_zero' depends on axioms: [propext, Classical.choice, Quot.sound]
info: Row12/AngularSourceCertificate.lean:652:0: 'Row12.angular_source_primitive_pair_hasDerivAt' depends on axioms: [propext, Classical.choice, Quot.sound]
info: Row12/AngularSourceCertificate.lean:653:0: 'Row12.angular_source_actual_identity' depends on axioms: [propext, Classical.choice, Quot.sound]
ℹ [3562/3576] Built Row12.BetaContourAnalytic (3.5s)
info: Row12/BetaContourAnalytic.lean:199:0: 'Row12.dualState_entry_analyticAt' depends on axioms: [propext, Classical.choice, Quot.sound]
info: Row12/BetaContourAnalytic.lean:200:0: 'Row12.betaBranchNumerator_analyticAt' depends on axioms: [propext, Classical.choice, Quot.sound]
info: Row12/BetaContourAnalytic.lean:201:0: 'Row12.betaBranchNumerator_differentiableOn' depends on axioms: [propext, Classical.choice, Quot.sound]
info: Row12/BetaContourAnalytic.lean:202:0: 'Row12.betaFluxIntegrand_partialFractions' depends on axioms: [propext, Classical.choice, Quot.sound]
info: Row12/BetaContourAnalytic.lean:203:0: 'Row12.betaBranch_annulus_domain' depends on axioms: [propext, Classical.choice, Quot.sound]
info: Row12/BetaContourAnalytic.lean:204:0: 'Row12.betaBranch_polefree_annulus_integral' depends on axioms: [propext, Classical.choice, Quot.sound]
info: Row12/BetaContourAnalytic.lean:205:0: 'Row12.betaFluxCircle_singlePole_deformation' depends on axioms: [propext, Classical.choice, Quot.sound]
ℹ [3563/3576] Built Row12.AngularSourceIntegral (2.3s)
info: Row12/AngularSourceIntegral.lean:6:0: 'Row12.angular_source_actual_identity' depends on axioms: [propext, Classical.choice, Quot.sound]
info: Row12/AngularSourceIntegral.lean:128:0: 'Row12.angular_source_polynomial_analyticAt' depends on axioms: [propext, Classical.choice, Quot.sound]
info: Row12/AngularSourceIntegral.lean:129:0: 'Row12.angular_source_primitive_entry_analyticAt' depends on axioms: [propext, Classical.choice, Quot.sound]
info: Row12/AngularSourceIntegral.lean:130:0: 'Row12.angular_source_primitive_pair_analyticAt' depends on axioms: [propext, Classical.choice, Quot.sound]
info: Row12/AngularSourceIntegral.lean:131:0: 'Row12.angular_source_primitive_deriv_circleIntegrable' depends on axioms: [propext, Classical.choice, Quot.sound]
info: Row12/AngularSourceIntegral.lean:132:0: 'Row12.angular_source_primitive_deriv_circleIntegral_zero' depends on axioms: [propext, Classical.choice, Quot.sound]
info: Row12/AngularSourceIntegral.lean:133:0: 'Row12.angular_source_circleIntegrable' depends on axioms: [propext, Classical.choice, Quot.sound]
info: Row12/AngularSourceIntegral.lean:134:0: 'Row12.angular_source_integral_eq_actual' depends on axioms: [propext, Classical.choice, Quot.sound]
info: Row12/AngularSourceIntegral.lean:135:0: 'Row12.angular_source_coordinates_eq_outer' depends on axioms: [propext, Classical.choice, Quot.sound]
info: Row12/AngularSourceIntegral.lean:136:0: 'Row12.angular_source_lambda_eq_outer' depends on axioms: [propext, Classical.choice, Quot.sound]
info: Row12/AngularSourceIntegral.lean:137:0: 'Row12.angular_source_integral_eq_outer' depends on axioms: [propext, Classical.choice, Quot.sound]
ℹ [3564/3576] Built Row12.EscapeNumerator (5.3s)
info: Row12/EscapeNumerator.lean:441:0: 'Row12.dualState_entry_analyticAt' depends on axioms: [propext, Classical.choice, Quot.sound]
info: Row12/EscapeNumerator.lean:442:0: 'Row12.circleIntegral_analyticAt_of_joint_analyticOnTube' depends on axioms: [propext, Classical.choice, Quot.sound]
info: Row12/EscapeNumerator.lean:443:0: 'Row12.escapePoint_sq' depends on axioms: [propext, Classical.choice, Quot.sound]
info: Row12/EscapeNumerator.lean:444:0: 'Row12.escapePoint_mem' depends on axioms: [propext, Classical.choice, Quot.sound]
info: Row12/EscapeNumerator.lean:445:0: 'Row12.escape_path_x' depends on axioms: [propext, Classical.choice, Quot.sound]
info: Row12/EscapeNumerator.lean:446:0: 'Row12.escape_complex_x' depends on axioms: [propext, Classical.choice, Quot.sound]
info: Row12/EscapeNumerator.lean:447:0: 'Row12.escape_radius_domain' depends on axioms: [propext, Classical.choice, Quot.sound]
info: Row12/EscapeNumerator.lean:448:0: 'Row12.escape_circle_regular' depends on axioms: [propext, Classical.choice, Quot.sound]
info: Row12/EscapeNumerator.lean:449:0: 'Row12.escapeBetaDenominator_continuous' depends on axioms: [propext, Classical.choice, Quot.sound]
info: Row12/EscapeNumerator.lean:450:0: 'Row12.escape_B_continuousAt' depends on axioms: [propext, Classical.choice, Quot.sound]
info: Row12/EscapeNumerator.lean:451:0: 'Row12.escape_regular_tube' depends on axioms: [propext, Classical.choice, Quot.sound]
info: Row12/EscapeNumerator.lean:452:0: 'Row12.escapeClearedBetaIntegrand_joint_analyticAt' depends on axioms: [propext, Classical.choice, Quot.sound]
info: Row12/EscapeNumerator.lean:453:0: 'Row12.escapeClearedBetaCircle_analyticAt' depends on axioms: [propext, Classical.choice, Quot.sound]
info: Row12/EscapeNumerator.lean:454:0: 'Row12.escape_cleared_beta_entry_eq' depends on axioms: [propext, Classical.choice, Quot.sound]
info: Row12/EscapeNumerator.lean:455:0: 'Row12.escape_cleared_beta_integrand_eq' depends on axioms: [propext, Classical.choice, Quot.sound]
info: Row12/EscapeNumerator.lean:456:0: 'Row12.escape_cleared_beta_circle_eq' depends on axioms: [propext, Classical.choice, Quot.sound]
info: Row12/EscapeNumerator.lean:457:0: 'Row12.escape_cleared_outer_basis_eq' depends on axioms: [propext, Classical.choice, Quot.sound]
info: Row12/EscapeNumerator.lean:458:0: 'Row12.escape_cleared_outer_row_eq' depends on axioms: [propext, Classical.choice, Quot.sound]
info: Row12/EscapeNumerator.lean:459:0: 'Row12.escape_cleared_outer_flux_eq' depends on axioms: [propext, Classical.choice, Quot.sound]
info: Row12/EscapeNumerator.lean:460:0: 'Row12.escape_cleared_outer_basis_analyticAt' depends on axioms: [propext, Classical.choice, Quot.sound]
info: Row12/EscapeNumerator.lean:461:0: 'Row12.escape_cleared_outer_row_analyticAt' depends on axioms: [propext, Classical.choice, Quot.sound]
info: Row12/EscapeNumerator.lean:462:0: 'Row12.sixthNormalState_entry_analyticAt' depends on axioms: [propext, Classical.choice, Quot.sound]
info: Row12/EscapeNumerator.lean:463:0: 'Row12.escape_cleared_outer_flux_analyticAt' depends on axioms: [propext, Classical.choice, Quot.sound]
info: Row12/EscapeNumerator.lean:464:0: 'Row12.escapeClearedTotal_analyticAt' depends on axioms: [propext, Classical.choice, Quot.sound]
info: Row12/EscapeNumerator.lean:465:0: 'Row12.escapeClearedTotal_eq' depends on axioms: [propext, Classical.choice, Quot.sound]
info: Row12/EscapeNumerator.lean:466:0: 'Row12.escapeClearedTotal_clears_near' depends on axioms: [propext, Classical.choice, Quot.sound]
ℹ [3565/3576] Built Row12.BetaLowerGeometry (2.4s)
info: Row12/BetaLowerGeometry.lean:79:0: 'Row12.scalarPolePlus_continuous' depends on axioms: [propext, Classical.choice, Quot.sound]
info: Row12/BetaLowerGeometry.lean:80:0: 'Row12.scalarPoleMinus_continuous' depends on axioms: [propext, Classical.choice, Quot.sound]
info: Row12/BetaLowerGeometry.lean:81:0: 'Row12.scalarLambda_path_continuous' depends on axioms: [propext, Classical.choice, Quot.sound]
info: Row12/BetaLowerGeometry.lean:82:0: 'Row12.scalarBetaPositiveResidue_continuousAt_zero' depends on axioms: [propext, Classical.choice, Quot.sound]
info: Row12/BetaLowerGeometry.lean:83:0: 'Row12.beta_positive_residue_limit' depends on axioms: [propext, Classical.choice, Quot.sound]
ℹ [3566/3576] Built Row12.BetaJointAnalytic (3.6s)
info: Row12/BetaJointAnalytic.lean:62:0: 'Row12.betaFluxIntegrand_joint_analyticAt' depends on axioms: [propext, Classical.choice, Quot.sound]
info: Row12/BetaJointAnalytic.lean:63:0: 'Row12.betaFluxIntegrand_parameter_hasDerivAt' depends on axioms: [propext, Classical.choice, Quot.sound]
info: Row12/BetaJointAnalytic.lean:64:0: 'Row12.betaFluxParameterValue_joint_continuousAt' depends on axioms: [propext, Classical.choice, Quot.sound]
ℹ [3567/3576] Built Row12.BetaLowerEndpoint (2.4s)
info: Row12/BetaLowerEndpoint.lean:65:0: 'Row12.beta_lower_deformation_eventually' depends on axioms: [propext, Classical.choice, Quot.sound]
info: Row12/BetaLowerEndpoint.lean:66:0: 'Row12.betaFluxBalanced_lowerEndpoint' depends on axioms: [propext, Classical.choice, Quot.sound]
ℹ [3568/3576] Built Row12.BetaBalancedGeometry (3.1s)
info: Row12/BetaBalancedGeometry.lean:161:0: 'Row12.betaFluxIntegrand_joint_analyticAt' depends on axioms: [propext, Classical.choice, Quot.sound]
info: Row12/BetaBalancedGeometry.lean:162:0: 'Row12.scalar_balanced_circle_domain' depends on axioms: [propext, Classical.choice, Quot.sound]
info: Row12/BetaBalancedGeometry.lean:163:0: 'Row12.betaFrame_real_path_agreement' depends on axioms: [propext, Classical.choice, Quot.sound]
info: Row12/BetaBalancedGeometry.lean:164:0: 'Row12.betaFrameDenom_real_path_ne_zero' depends on axioms: [propext, Classical.choice, Quot.sound]
info: Row12/BetaBalancedGeometry.lean:165:0: 'Row12.betaFlux_circle_regular' depends on axioms: [propext, Classical.choice, Quot.sound]
info: Row12/BetaBalancedGeometry.lean:166:0: 'Row12.betaFluxCircle_eq_of_between_poles' depends on axioms: [propext, Classical.choice, Quot.sound]
info: Row12/BetaBalancedGeometry.lean:167:0: 'Row12.betaFluxCircle_between_poles_eq' depends on axioms: [propext, Classical.choice, Quot.sound]
info: Row12/BetaBalancedGeometry.lean:168:0: 'Row12.beta_balanced_fixedCircle_eventually_of_off_pole' depends on axioms: [propext, Classical.choice, Quot.sound]
info: Row12/BetaBalancedGeometry.lean:169:0: 'Row12.beta_balanced_fixedCircle_eventually' depends on axioms: [propext, Classical.choice, Quot.sound]
ℹ [3569/3576] Built Row12.BetaSourceComparison (87s)
info: Row12/BetaSourceComparison.lean:526:0: 'Row12.betaSourceLP_deriv' depends on axioms: [propext, Classical.choice, Quot.sound]
info: Row12/BetaSourceComparison.lean:527:0: 'Row12.betaSourceRP_deriv' depends on axioms: [propext, Classical.choice, Quot.sound]
info: Row12/BetaSourceComparison.lean:528:0: 'Row12.betaSourceDenom_hasDerivAt' depends on axioms: [propext, Classical.choice, Quot.sound]
info: Row12/BetaSourceComparison.lean:529:0: 'Row12.betaSourceNS_hasDerivAt' depends on axioms: [propext, Classical.choice, Quot.sound]
info: Row12/BetaSourceComparison.lean:530:0: 'Row12.betaSourceNU_hasDerivAt' depends on axioms: [propext, Classical.choice, Quot.sound]
info: Row12/BetaSourceComparison.lean:531:0: 'Row12.scalarBetaSChart_hasDerivAt_x' depends on axioms: [propext, Classical.choice, Quot.sound]
info: Row12/BetaSourceComparison.lean:532:0: 'Row12.scalarBetaUChart_hasDerivAt_s' depends on axioms: [propext, Classical.choice, Quot.sound]
info: Row12/BetaSourceComparison.lean:533:0: 'Row12.scalarBetaSFull_derivU' depends on axioms: [propext, Classical.choice, Quot.sound]
info: Row12/BetaSourceComparison.lean:534:0: 'Row12.scalarBetaU_derivS' depends on axioms: [propext, Classical.choice, Quot.sound]
info: Row12/BetaSourceComparison.lean:535:0: 'Row12.scalarBetaSource_rational' depends on axioms: [propext, Classical.choice, Quot.sound]
info: Row12/BetaSourceComparison.lean:536:0: 'Row12.betaSource_discriminant' depends on axioms: [propext, Classical.choice, Quot.sound]
info: Row12/BetaSourceComparison.lean:537:0: 'Row12.betaSourceRational_native' depends on axioms: [propext, Classical.choice, Quot.sound]
info: Row12/BetaSourceComparison.lean:538:0: 'Row12.scalarBetaSource_native' depends on axioms: [propext, Classical.choice, Quot.sound]
info: Row12/BetaSourceComparison.lean:539:0: 'Row12.betaPair_dual_pullback' depends on axioms: [propext, Classical.choice, Quot.sound]
info: Row12/BetaSourceComparison.lean:540:0: 'Row12.scalarBetaSource_actual_integrand' depends on axioms: [propext, Classical.choice, Quot.sound]
info: Row12/BetaSourceComparison.lean:541:0: 'Row12.angularSource_actual_beta_derivatives' depends on axioms: [propext, Classical.choice, Quot.sound]
info: Row12/BetaSourceComparison.lean:543:0: 'Row12.betaSource_connection_polynomial' depends on axioms: [propext, Classical.choice, Quot.sound]
info: Row12/BetaSourceComparison.lean:544:0: 'Row12.betaSourceRational_pullback' depends on axioms: [propext, Classical.choice, Quot.sound]
info: Row12/BetaSourceComparison.lean:545:0: 'Row12.betaSourceRational_native_00' depends on axioms: [propext, Classical.choice, Quot.sound]
info: Row12/BetaSourceComparison.lean:546:0: 'Row12.betaSourceRational_native_01' depends on axioms: [propext, Classical.choice, Quot.sound]
info: Row12/BetaSourceComparison.lean:547:0: 'Row12.betaSourceRational_native_02' depends on axioms: [propext, Classical.choice, Quot.sound]
info: Row12/BetaSourceComparison.lean:548:0: 'Row12.betaSourceRational_native_10' depends on axioms: [propext, Classical.choice, Quot.sound]
info: Row12/BetaSourceComparison.lean:549:0: 'Row12.betaSourceRational_native_11' depends on axioms: [propext, Classical.choice, Quot.sound]
info: Row12/BetaSourceComparison.lean:550:0: 'Row12.betaSourceRational_native_12' depends on axioms: [propext, Classical.choice, Quot.sound]
info: Row12/BetaSourceComparison.lean:551:0: 'Row12.betaSourceRational_native_20' depends on axioms: [propext, Classical.choice, Quot.sound]
info: Row12/BetaSourceComparison.lean:552:0: 'Row12.betaSourceRational_native_21' depends on axioms: [propext, Classical.choice, Quot.sound]
info: Row12/BetaSourceComparison.lean:553:0: 'Row12.betaSourceRational_native_22' depends on axioms: [propext, Classical.choice, Quot.sound]
ℹ [3570/3576] Built Row12.BetaContourDerivative (4.6s)
info: Row12/BetaContourDerivative.lean:120:0: 'Row12.betaFluxIntegrand_joint_analyticAt' depends on axioms: [propext, Classical.choice, Quot.sound]
info: Row12/BetaContourDerivative.lean:121:0: 'Row12.betaFluxIntegrand_parameter_hasDerivAt' depends on axioms: [propext, Classical.choice, Quot.sound]
info: Row12/BetaContourDerivative.lean:122:0: 'Row12.betaFluxParameterValue_joint_continuousAt' depends on axioms: [propext, Classical.choice, Quot.sound]
info: Row12/BetaContourDerivative.lean:123:0: 'Row12.betaFlux_regular_tube' depends on axioms: [propext, Classical.choice, Quot.sound]
info: Row12/BetaContourDerivative.lean:124:0: 'Row12.betaFluxCircle_hasDerivAt' depends on axioms: [propext, Classical.choice, Quot.sound]
ℹ [3571/3576] Built Row12.BetaBalancedDerivative (4.4s)
info: Row12/BetaBalancedDerivative.lean:48:0: 'Row12.betaFluxCircle_hasDerivAt' depends on axioms: [propext, Classical.choice, Quot.sound]
info: Row12/BetaBalancedDerivative.lean:49:0: 'Row12.beta_balanced_fixedCircle_eventually' depends on axioms: [propext, Classical.choice, Quot.sound]
info: Row12/BetaBalancedDerivative.lean:50:0: 'Row12.angular_source_integral_eq_outer' depends on axioms: [propext, Classical.choice, Quot.sound]
info: Row12/BetaBalancedDerivative.lean:51:0: 'Row12.betaFluxBalanced_hasDerivAt' depends on axioms: [propext, Classical.choice, Quot.sound]
ℹ [3572/3576] Built Row12.ScalarFlux (4.5s)
info: Row12/ScalarFlux.lean:58:0: 'Row12.scalarComplexLoaded_cast' depends on axioms: [propext, Classical.choice, Quot.sound]
info: Row12/ScalarFlux.lean:59:0: 'Row12.scalarIntegrand_path_bounds' depends on axioms: [propext, Classical.choice, Quot.sound]
info: Row12/ScalarFlux.lean:60:0: 'Row12.scalarComplexLoaded_analyticAt' depends on axioms: [propext, Classical.choice, Quot.sound]
info: Row12/ScalarFlux.lean:61:0: 'Row12.scalarIntegrand_continuousOn' depends on axioms: [propext, Classical.choice, Quot.sound]
info: Row12/ScalarFlux.lean:62:0: 'Row12.scalarIntegrand_intervalIntegrable' depends on axioms: [propext, Classical.choice, Quot.sound]
info: Row12/ScalarFlux.lean:63:0: 'Row12.scalarTotalFlux_hasDerivAt' depends on axioms: [propext, Classical.choice, Quot.sound]
ℹ [3573/3576] Built Row12.EscapeApplication (4.9s)
info: Row12/EscapeApplication.lean:156:0: 'Row12.scalar_escape_factor_ne_zero' depends on axioms: [propext, Classical.choice, Quot.sound]
info: Row12/EscapeApplication.lean:157:0: 'Row12.escapeRealNumerator_analyticAt' depends on axioms: [propext, Classical.choice, Quot.sound]
info: Row12/EscapeApplication.lean:158:0: 'Row12.escapeRealNumerator_quotient_eventually' depends on axioms: [propext, Classical.choice, Quot.sound]
info: Row12/EscapeApplication.lean:159:0: 'Row12.scalarTotalFlux_shift_derivative_limit' depends on axioms: [propext, Classical.choice, Quot.sound]
info: Row12/EscapeApplication.lean:160:0: 'Row12.scalarTotalFlux_escape_limit' depends on axioms: [propext, Classical.choice, Quot.sound]
ℹ [3574/3576] Built Row12.ScalarEvaluation (4.8s)
info: Row12/ScalarEvaluation.lean:100:0: 'Row12.betaFluxBalanced_upperEndpoint' depends on axioms: [propext, Classical.choice, Quot.sound]
info: Row12/ScalarEvaluation.lean:101:0: 'Row12.scalarTotalFlux_lowerEndpoint' depends on axioms: [propext, Classical.choice, Quot.sound]
info: Row12/ScalarEvaluation.lean:102:0: 'Row12.scalarTotalFlux_upperEndpoint' depends on axioms: [propext, Classical.choice, Quot.sound]
info: Row12/ScalarEvaluation.lean:103:0: 'Row12.scalar_uniform_integral_value' depends on axioms: [propext, Classical.choice, Quot.sound]
info: Row12/ScalarEvaluation.lean:104:0: 'Row12.row12_hasSum' depends on axioms: [propext, Classical.choice, Quot.sound]
info: Row12/ScalarEvaluation.lean:105:0: 'Row12.row12_summable' depends on axioms: [propext, Classical.choice, Quot.sound]
info: Row12/ScalarEvaluation.lean:106:0: 'Row12.row12_tsum' depends on axioms: [propext, Classical.choice, Quot.sound]
ℹ [3575/3576] Built Row12 (4.7s)
info: Row12.lean:3:0: Row12.row12_hasSum :
  HasSum (fun n => ↑(6 * n).factorial / ↑n.factorial ^ 6 * (532 * ↑n ^ 2 + 126 * ↑n + 9) / 10 ^ (6 * n))
    (375 / (4 * Real.pi ^ 2))
info: Row12.lean:4:0: Row12.row12_summable :
  Summable fun n => ↑(6 * n).factorial / ↑n.factorial ^ 6 * (532 * ↑n ^ 2 + 126 * ↑n + 9) / 10 ^ (6 * n)
info: Row12.lean:5:0: Row12.row12_tsum :
  ∑' (n : ℕ), ↑(6 * n).factorial / ↑n.factorial ^ 6 * (532 * ↑n ^ 2 + 126 * ↑n + 9) / 10 ^ (6 * n) =
    375 / (4 * Real.pi ^ 2)
info: Row12.lean:6:0: 'Row12.row12_hasSum' depends on axioms: [propext, Classical.choice, Quot.sound]
info: Row12.lean:7:0: 'Row12.row12_summable' depends on axioms: [propext, Classical.choice, Quot.sound]
info: Row12.lean:8:0: 'Row12.row12_tsum' depends on axioms: [propext, Classical.choice, Quot.sound]
Build completed successfully (3576 jobs).
